Component: ARM Compiler 5.06 update 7 (build 960) Tool: armlink [4d3601]

==============================================================================

Section Cross References

    main.o(i.HAL_GPIO_EXTI_Callback) refers to stm32f4xx_hal_gpio.o(i.HAL_GPIO_TogglePin) for HAL_GPIO_TogglePin
    main.o(i.HAL_GPIO_EXTI_Callback) refers to printfa.o(i.__0printf) for __2printf
    main.o(i.HAL_GPIO_EXTI_Callback) refers to bsp_xpt2046.o(i.XPT2046_ReCalibration) for XPT2046_ReCalibration
    main.o(i.HAL_TIM_PeriodElapsedCallback) refers to stm32f4xx_hal.o(i.HAL_IncTick) for HAL_IncTick
    main.o(i.SystemClock_Config) refers to memseta.o(.text) for __aeabi_memclr4
    main.o(i.SystemClock_Config) refers to stm32f4xx_hal_rcc.o(i.HAL_RCC_OscConfig) for HAL_RCC_OscConfig
    main.o(i.SystemClock_Config) refers to stm32f4xx_hal_rcc.o(i.HAL_RCC_ClockConfig) for HAL_RCC_ClockConfig
    main.o(i.USBH_HID_EventCallback) refers to bsp_ps2.o(i.USBH_HID_PS2_Decode) for USBH_HID_PS2_Decode
    main.o(i.USBH_HID_EventCallback) refers to f2d.o(.text) for __aeabi_f2d
    main.o(i.USBH_HID_EventCallback) refers to dadd.o(.text) for __aeabi_dadd
    main.o(i.USBH_HID_EventCallback) refers to d2f.o(.text) for __aeabi_d2f
    main.o(i.USBH_HID_EventCallback) refers to bsp_lcd_ili9341.o(i.Judge_rovmotor_pwm) for Judge_rovmotor_pwm
    main.o(i.USBH_HID_EventCallback) refers to bsp_lcd_ili9341.o(i.LCD_String) for LCD_String
    main.o(i.USBH_HID_EventCallback) refers to printfa.o(i.__0sprintf) for __2sprintf
    main.o(i.USBH_HID_EventCallback) refers to bsp_ps2.o(.data) for ps2_info
    main.o(i.USBH_HID_EventCallback) refers to dm_motor_ctrl.o(.bss) for motor
    main.o(i.USBH_HID_EventCallback) refers to main.o(.data) for .data
    main.o(i.USBH_HID_EventCallback) refers to tim.o(.bss) for htim2
    main.o(i.main) refers to stm32f4xx_hal.o(i.HAL_Init) for HAL_Init
    main.o(i.main) refers to main.o(i.SystemClock_Config) for SystemClock_Config
    main.o(i.main) refers to gpio.o(i.MX_GPIO_Init) for MX_GPIO_Init
    main.o(i.main) refers to usart.o(i.MX_USART1_UART_Init) for MX_USART1_UART_Init
    main.o(i.main) refers to can.o(i.MX_CAN1_Init) for MX_CAN1_Init
    main.o(i.main) refers to tim.o(i.MX_TIM2_Init) for MX_TIM2_Init
    main.o(i.main) refers to tim.o(i.MX_TIM6_Init) for MX_TIM6_Init
    main.o(i.main) refers to stm32f4xx_hal_gpio.o(i.HAL_GPIO_WritePin) for HAL_GPIO_WritePin
    main.o(i.main) refers to bsp_uart.o(i.UART1_Init) for UART1_Init
    main.o(i.main) refers to bsp_w25q128.o(i.W25Q128_Init) for W25Q128_Init
    main.o(i.main) refers to bsp_lcd_ili9341.o(i.LCD_Init) for LCD_Init
    main.o(i.main) refers to bsp_lcd_ili9341.o(i.LCD_SetDir) for LCD_SetDir
    main.o(i.main) refers to bsp_xpt2046.o(i.XPT2046_Init) for XPT2046_Init
    main.o(i.main) refers to stm32f4xx_hal_tim.o(i.HAL_TIM_PWM_Start) for HAL_TIM_PWM_Start
    main.o(i.main) refers to stm32f4xx_hal.o(i.HAL_Delay) for HAL_Delay
    main.o(i.main) refers to bsp_can.o(i.bsp_can_init) for bsp_can_init
    main.o(i.main) refers to dm_motor_ctrl.o(i.dm_motor_init) for dm_motor_init
    main.o(i.main) refers to dm_motor_drv.o(i.write_motor_data) for write_motor_data
    main.o(i.main) refers to dm_motor_drv.o(i.save_motor_data) for save_motor_data
    main.o(i.main) refers to dm_motor_drv.o(i.dm_motor_enable) for dm_motor_enable
    main.o(i.main) refers to freertos.o(i.MX_FREERTOS_Init) for MX_FREERTOS_Init
    main.o(i.main) refers to cmsis_os.o(i.osKernelStart) for osKernelStart
    main.o(i.main) refers to bsp_lcd_ili9341.o(.data) for xLCD
    main.o(i.main) refers to tim.o(.bss) for htim2
    main.o(i.main) refers to main.o(.data) for .data
    main.o(i.main) refers to dm_motor_ctrl.o(.bss) for motor
    main.o(i.main) refers to can.o(.bss) for hcan1
    gpio.o(i.MX_GPIO_Init) refers to memseta.o(.text) for __aeabi_memclr4
    gpio.o(i.MX_GPIO_Init) refers to stm32f4xx_hal_gpio.o(i.HAL_GPIO_WritePin) for HAL_GPIO_WritePin
    gpio.o(i.MX_GPIO_Init) refers to stm32f4xx_hal_gpio.o(i.HAL_GPIO_Init) for HAL_GPIO_Init
    gpio.o(i.MX_GPIO_Init) refers to stm32f4xx_hal_cortex.o(i.HAL_NVIC_SetPriority) for HAL_NVIC_SetPriority
    gpio.o(i.MX_GPIO_Init) refers to stm32f4xx_hal_cortex.o(i.HAL_NVIC_EnableIRQ) for HAL_NVIC_EnableIRQ
    freertos.o(i.CommunicationTask) refers to tasks.o(i.vTaskDelay) for vTaskDelay
    freertos.o(i.CommunicationTask) refers to stm32f4xx_hal_gpio.o(i.HAL_GPIO_TogglePin) for HAL_GPIO_TogglePin
    freertos.o(i.CommunicationTask) refers to main.o(.data) for g_start_tick
    freertos.o(i.CommunicationTask) refers to freertos.o(.data) for .data
    freertos.o(i.MX_FREERTOS_Init) refers to tasks.o(i.xTaskCreate) for xTaskCreate
    freertos.o(i.MX_FREERTOS_Init) refers to freertos.o(.data) for .data
    freertos.o(i.MX_FREERTOS_Init) refers to freertos.o(i.CommunicationTask) for CommunicationTask
    freertos.o(i.MX_FREERTOS_Init) refers to freertos.o(i.Touch_ManageTask) for Touch_ManageTask
[...]
    HAL_HCD_PortEnabled_Callback             0x08001851   Thumb Code     8  usbh_conf.o(i.HAL_HCD_PortEnabled_Callback)
    HAL_HCD_ResetPort                        0x08001859   Thumb Code     6  stm32f4xx_hal_hcd.o(i.HAL_HCD_ResetPort)
    HAL_HCD_SOF_Callback                     0x0800185f   Thumb Code     8  usbh_conf.o(i.HAL_HCD_SOF_Callback)
    HAL_HCD_Start                            0x08001867   Thumb Code    44  stm32f4xx_hal_hcd.o(i.HAL_HCD_Start)
    HAL_HCD_Stop                             0x08001893   Thumb Code    36  stm32f4xx_hal_hcd.o(i.HAL_HCD_Stop)
    HAL_IncTick                              0x080018b9   Thumb Code    12  stm32f4xx_hal.o(i.HAL_IncTick)
    HAL_Init                                 0x080018c9   Thumb Code    48  stm32f4xx_hal.o(i.HAL_Init)
    HAL_InitTick                             0x080018fd   Thumb Code   120  stm32f4xx_hal_timebase_tim.o(i.HAL_InitTick)
    HAL_MspInit                              0x08001989   Thumb Code    52  stm32f4xx_hal_msp.o(i.HAL_MspInit)
    HAL_NVIC_EnableIRQ                       0x080019c1   Thumb Code    26  stm32f4xx_hal_cortex.o(i.HAL_NVIC_EnableIRQ)
    HAL_NVIC_SetPriority                     0x080019dd   Thumb Code    60  stm32f4xx_hal_cortex.o(i.HAL_NVIC_SetPriority)
    HAL_NVIC_SetPriorityGrouping             0x08001a1d   Thumb Code    26  stm32f4xx_hal_cortex.o(i.HAL_NVIC_SetPriorityGrouping)
    HAL_RCC_ClockConfig                      0x08001a41   Thumb Code   288  stm32f4xx_hal_rcc.o(i.HAL_RCC_ClockConfig)
    HAL_RCC_GetClockConfig                   0x08001b75   Thumb Code    54  stm32f4xx_hal_rcc.o(i.HAL_RCC_GetClockConfig)
    HAL_RCC_GetPCLK1Freq                     0x08001bb5   Thumb Code    20  stm32f4xx_hal_rcc.o(i.HAL_RCC_GetPCLK1Freq)
    HAL_RCC_GetPCLK2Freq                     0x08001bd5   Thumb Code    20  stm32f4xx_hal_rcc.o(i.HAL_RCC_GetPCLK2Freq)
    HAL_RCC_GetSysClockFreq                  0x08001bf5   Thumb Code    88  stm32f4xx_hal_rcc.o(i.HAL_RCC_GetSysClockFreq)
    HAL_RCC_OscConfig                        0x08001c55   Thumb Code   856  stm32f4xx_hal_rcc.o(i.HAL_RCC_OscConfig)
    HAL_TIMEx_BreakCallback                  0x08001fc1   Thumb Code     2  stm32f4xx_hal_tim_ex.o(i.HAL_TIMEx_BreakCallback)
    HAL_TIMEx_CommutCallback                 0x08001fc3   Thumb Code     2  stm32f4xx_hal_tim_ex.o(i.HAL_TIMEx_CommutCallback)
    HAL_TIMEx_MasterConfigSynchronization    0x08001fc5   Thumb Code   116  stm32f4xx_hal_tim_ex.o(i.HAL_TIMEx_MasterConfigSynchronization)
    HAL_TIM_Base_Init                        0x08002055   Thumb Code    90  stm32f4xx_hal_tim.o(i.HAL_TIM_Base_Init)
    HAL_TIM_Base_MspInit                     0x080020b1   Thumb Code    72  tim.o(i.HAL_TIM_Base_MspInit)
    HAL_TIM_Base_Start_IT                    0x08002101   Thumb Code   100  stm32f4xx_hal_tim.o(i.HAL_TIM_Base_Start_IT)
    HAL_TIM_ConfigClockSource                0x08002181   Thumb Code   220  stm32f4xx_hal_tim.o(i.HAL_TIM_ConfigClockSource)
    HAL_TIM_IC_CaptureCallback               0x0800225d   Thumb Code     2  stm32f4xx_hal_tim.o(i.HAL_TIM_IC_CaptureCallback)
    HAL_TIM_IRQHandler                       0x0800225f   Thumb Code   304  stm32f4xx_hal_tim.o(i.HAL_TIM_IRQHandler)
    HAL_TIM_MspPostInit                      0x08002391   Thumb Code   106  tim.o(i.HAL_TIM_MspPostInit)
    HAL_TIM_OC_DelayElapsedCallback          0x08002409   Thumb Code     2  stm32f4xx_hal_tim.o(i.HAL_TIM_OC_DelayElapsedCallback)
    HAL_TIM_PWM_ConfigChannel                0x0800240b   Thumb Code   204  stm32f4xx_hal_tim.o(i.HAL_TIM_PWM_ConfigChannel)
    HAL_TIM_PWM_Init                         0x080024d7   Thumb Code    90  stm32f4xx_hal_tim.o(i.HAL_TIM_PWM_Init)
    HAL_TIM_PWM_MspInit                      0x08002531   Thumb Code     2  stm32f4xx_hal_tim.o(i.HAL_TIM_PWM_MspInit)
    HAL_TIM_PWM_PulseFinishedCallback        0x08002533   Thumb Code     2  stm32f4xx_hal_tim.o(i.HAL_TIM_PWM_PulseFinishedCallback)
    HAL_TIM_PWM_Start                        0x08002535   Thumb Code   172  stm32f4xx_hal_tim.o(i.HAL_TIM_PWM_Start)
    HAL_TIM_PWM_Stop                         0x080025fd   Thumb Code   114  stm32f4xx_hal_tim.o(i.HAL_TIM_PWM_Stop)
    HAL_TIM_PeriodElapsedCallback            0x08002679   Thumb Code    14  main.o(i.HAL_TIM_PeriodElapsedCallback)
    HAL_TIM_TriggerCallback                  0x0800268d   Thumb Code     2  stm32f4xx_hal_tim.o(i.HAL_TIM_TriggerCallback)
    HAL_UART_Init                            0x0800268f   Thumb Code   100  stm32f4xx_hal_uart.o(i.HAL_UART_Init)
    HAL_UART_MspInit                         0x080026f5   Thumb Code    94  usart.o(i.HAL_UART_MspInit)
    HardFault_Handler                        0x08002eed   Thumb Code     2  stm32f4xx_it.o(i.HardFault_Handler)
    Judge_DMmotor_status                     0x08002ef1   Thumb Code   158  bsp_lcd_ili9341.o(i.Judge_DMmotor_status)
    Judge_enable                             0x08002fed   Thumb Code    42  bsp_lcd_ili9341.o(i.Judge_enable)
    Judge_machine_mode                       0x08003021   Thumb Code    48  bsp_lcd_ili9341.o(i.Judge_machine_mode)
    Judge_rovmotor_pwm                       0x08003069   Thumb Code    58  bsp_lcd_ili9341.o(i.Judge_rovmotor_pwm)
    Judge_transmit                           0x080030bd   Thumb Code    46  bsp_lcd_ili9341.o(i.Judge_transmit)
    LCD_BOTTON_ADD                           0x080030f5   Thumb Code   128  bsp_lcd_ili9341.o(i.LCD_BOTTON_ADD)
    LCD_BOTTON_SUB                           0x08003175   Thumb Code    78  bsp_lcd_ili9341.o(i.LCD_BOTTON_SUB)
    LCD_Cross                                0x080031c3   Thumb Code    46  bsp_lcd_ili9341.o(i.LCD_Cross)
    LCD_DrawPoint                            0x080031f1   Thumb Code    38  bsp_lcd_ili9341.o(i.LCD_DrawPoint)
    LCD_Fill                                 0x0800321d   Thumb Code    74  bsp_lcd_ili9341.o(i.LCD_Fill)
    LCD_Image                                0x0800326d   Thumb Code    98  bsp_lcd_ili9341.o(i.LCD_Image)
    LCD_Init                                 0x080032d5   Thumb Code   722  bsp_lcd_ili9341.o(i.LCD_Init)
    LCD_Line                                 0x080035e9   Thumb Code   156  bsp_lcd_ili9341.o(i.LCD_Line)
    LCD_Rectangle                            0x08003685   Thumb Code    68  bsp_lcd_ili9341.o(i.LCD_Rectangle)
    LCD_SetDir                               0x080036c9   Thumb Code   148  bsp_lcd_ili9341.o(i.LCD_SetDir)
    LCD_String                               0x08003765   Thumb Code   136  bsp_lcd_ili9341.o(i.LCD_String)
    MX_CAN1_Init                             0x080037f1   Thumb Code    60  can.o(i.MX_CAN1_Init)
    MX_FREERTOS_Init                         0x08003835   Thumb Code    52  freertos.o(i.MX_FREERTOS_Init)
    MX_GPIO_Init                             0x0800389d   Thumb Code   242  gpio.o(i.MX_GPIO_Init)
    MX_TIM2_Init                             0x080039a1   Thumb Code   194  tim.o(i.MX_TIM2_Init)
    MX_TIM6_Init                             0x08003a69   Thumb Code    62  tim.o(i.MX_TIM6_Init)
    MX_USART1_UART_Init                      0x08003ab1   Thumb Code    48  usart.o(i.MX_USART1_UART_Init)
    MX_USB_HOST_Init                         0x08003ae9   Thumb Code    66  usb_host.o(i.MX_USB_HOST_Init)
    MemManage_Handler                        0x08003b3d   Thumb Code     2  stm32f4xx_it.o(i.MemManage_Handler)
    Motor_Task                               0x08003b41   Thumb Code    70  freertos.o(i.Motor_Task)
    NMI_Handler                              0x08003b91   Thumb Code     2  stm32f4xx_it.o(i.NMI_Handler)
    OTG_FS_IRQHandler                        0x08003b95   Thumb Code     6  stm32f4xx_it.o(i.OTG_FS_IRQHandler)
    SysTick_Handler                          0x08003ba1   Thumb Code    38  port.o(i.SysTick_Handler)
    SystemClock_Config                       0x08003bcd   Thumb Code   140  main.o(i.SystemClock_Config)
    SystemCoreClockUpdate                    0x08003c61   Thumb Code   104  system_stm32f4xx.o(i.SystemCoreClockUpdate)
    SystemInit                               0x08003cd9   Thumb Code    12  system_stm32f4xx.o(i.SystemInit)
    TIM1_UP_TIM10_IRQHandler                 0x08003ce9   Thumb Code     6  stm32f4xx_it.o(i.TIM1_UP_TIM10_IRQHandler)
    TIM6_DAC_IRQHandler                      0x08003cf5   Thumb Code     6  stm32f4xx_it.o(i.TIM6_DAC_IRQHandler)
    TIM_Base_SetConfig                       0x08003d01   Thumb Code   170  stm32f4xx_hal_tim.o(i.TIM_Base_SetConfig)
    TIM_CCxChannelCmd                        0x08003dd9   Thumb Code    26  stm32f4xx_hal_tim.o(i.TIM_CCxChannelCmd)
    TIM_ETR_SetConfig                        0x08003df3   Thumb Code    20  stm32f4xx_hal_tim.o(i.TIM_ETR_SetConfig)
    TIM_OC2_SetConfig                        0x08003e79   Thumb Code    98  stm32f4xx_hal_tim.o(i.TIM_OC2_SetConfig)
    Touch_ManageTask                         0x08003fe5   Thumb Code  4020  freertos.o(i.Touch_ManageTask)
    UART1_Init                               0x08004fc1   Thumb Code   306  bsp_uart.o(i.UART1_Init)
    UART1_SendData                           0x08005171   Thumb Code    60  bsp_uart.o(i.UART1_SendData)
    UART4_IRQHandler                         0x080051b5   Thumb Code   158  bsp_uart.o(i.UART4_IRQHandler)
    UART5_IRQHandler                         0x08005291   Thumb Code   142  bsp_uart.o(i.UART5_IRQHandler)
    USART1_IRQHandler                        0x08005469   Thumb Code   150  bsp_uart.o(i.USART1_IRQHandler)
    USART2_IRQHandler                        0x08005539   Thumb Code   158  bsp_uart.o(i.USART2_IRQHandler)
    USART3_IRQHandler                        0x08005615   Thumb Code   158  bsp_uart.o(i.USART3_IRQHandler)
    USART6_IRQHandler                        0x080056f1   Thumb Code   158  bsp_uart.o(i.USART6_IRQHandler)
    USBH_AllocPipe                           0x080057cd   Thumb Code    56  usbh_pipes.o(i.USBH_AllocPipe)
    USBH_ClosePipe                           0x08005805   Thumb Code    10  usbh_pipes.o(i.USBH_ClosePipe)
    USBH_ClrFeature                          0x0800580f   Thumb Code    30  usbh_ctlreq.o(i.USBH_ClrFeature)
    USBH_CtlReceiveData                      0x0800582d   Thumb Code    30  usbh_ioreq.o(i.USBH_CtlReceiveData)
    USBH_CtlReq                              0x0800584b   Thumb Code    88  usbh_ctlreq.o(i.USBH_CtlReq)
    USBH_CtlSendData                         0x080058a3   Thumb Code    40  usbh_ioreq.o(i.USBH_CtlSendData)
    USBH_CtlSendSetup                        0x080058cb   Thumb Code    30  usbh_ioreq.o(i.USBH_CtlSendSetup)
    USBH_Delay                               0x080058e9   Thumb Code     4  usbh_conf.o(i.USBH_Delay)
    USBH_FindInterface                       0x080058ed   Thumb Code    68  usbh_core.o(i.USBH_FindInterface)
    USBH_FreePipe                            0x08005931   Thumb Code    24  usbh_pipes.o(i.USBH_FreePipe)
    USBH_GetDescriptor                       0x08005949   Thumb Code    52  usbh_ctlreq.o(i.USBH_GetDescriptor)
    USBH_GetNextDesc                         0x0800597d   Thumb Code    14  usbh_ctlreq.o(i.USBH_GetNextDesc)
    USBH_Get_CfgDesc                         0x0800598d   Thumb Code    72  usbh_ctlreq.o(i.USBH_Get_CfgDesc)
    USBH_Get_DevDesc                         0x080059e5   Thumb Code    72  usbh_ctlreq.o(i.USBH_Get_DevDesc)
    USBH_Get_StringDesc                      0x08005a3d   Thumb Code   102  usbh_ctlreq.o(i.USBH_Get_StringDesc)
    USBH_Get_USB_Status                      0x08005ab5   Thumb Code    24  usbh_conf.o(i.USBH_Get_USB_Status)
    USBH_HID_EventCallback                   0x08005c31   Thumb Code   664  main.o(i.USBH_HID_EventCallback)
    USBH_HID_FifoInit                        0x08005ef1   Thumb Code    14  usbh_hid.o(i.USBH_HID_FifoInit)
    USBH_HID_FifoRead                        0x08005eff   Thumb Code    68  usbh_hid.o(i.USBH_HID_FifoRead)
    USBH_HID_FifoWrite                       0x08005f43   Thumb Code    80  usbh_hid.o(i.USBH_HID_FifoWrite)
    USBH_HID_GetHIDReportDescriptor          0x08005f95   Thumb Code    48  usbh_hid.o(i.USBH_HID_GetHIDReportDescriptor)
    USBH_HID_GetReport                       0x08005fd5   Thumb Code    34  usbh_hid.o(i.USBH_HID_GetReport)
    USBH_HID_PS2Init                         0x08006341   Thumb Code    42  bsp_ps2.o(i.USBH_HID_PS2Init)
    USBH_HID_PS2_Decode                      0x08006371   Thumb Code    96  bsp_ps2.o(i.USBH_HID_PS2_Decode)
    USBH_HID_SetIdle                         0x0800654d   Thumb Code    26  usbh_hid.o(i.USBH_HID_SetIdle)
    USBH_HID_SetProtocol                     0x08006567   Thumb Code    32  usbh_hid.o(i.USBH_HID_SetProtocol)
    USBH_Init                                0x08006b69   Thumb Code   130  usbh_core.o(i.USBH_Init)
    USBH_InterruptReceiveData                0x08006c11   Thumb Code    32  usbh_ioreq.o(i.USBH_InterruptReceiveData)
    USBH_LL_ClosePipe                        0x08006c31   Thumb Code    18  usbh_conf.o(i.USBH_LL_ClosePipe)
    USBH_LL_Connect                          0x08006c43   Thumb Code    34  usbh_core.o(i.USBH_LL_Connect)
    USBH_LL_Disconnect                       0x08006c65   Thumb Code    62  usbh_core.o(i.USBH_LL_Disconnect)
    USBH_LL_DriverVBUS                       0x08006ca3   Thumb Code    12  usbh_conf.o(i.USBH_LL_DriverVBUS)
    USBH_LL_GetLastXferSize                  0x08006caf   Thumb Code     8  usbh_conf.o(i.USBH_LL_GetLastXferSize)
    USBH_LL_GetSpeed                         0x08006cb7   Thumb Code    34  usbh_conf.o(i.USBH_LL_GetSpeed)
    USBH_LL_GetURBState                      0x08006cd9   Thumb Code     8  usbh_conf.o(i.USBH_LL_GetURBState)
    USBH_LL_IncTimer                         0x08006ce1   Thumb Code    30  usbh_core.o(i.USBH_LL_IncTimer)
    USBH_LL_Init                             0x08006d01   Thumb Code    74  usbh_conf.o(i.USBH_LL_Init)
    USBH_LL_NotifyURBChange                  0x08006d51   Thumb Code    22  usbh_core.o(i.USBH_LL_NotifyURBChange)
    USBH_LL_OpenPipe                         0x08006d67   Thumb Code    28  usbh_conf.o(i.USBH_LL_OpenPipe)
    USBH_LL_PortDisabled                     0x08006d83   Thumb Code     8  usbh_core.o(i.USBH_LL_PortDisabled)
    USBH_LL_PortEnabled                      0x08006d8b   Thumb Code    20  usbh_core.o(i.USBH_LL_PortEnabled)
    USBH_LL_ResetPort                        0x08006d9f   Thumb Code    18  usbh_conf.o(i.USBH_LL_ResetPort)
    USBH_LL_SetTimer                         0x08006db1   Thumb Code     6  usbh_core.o(i.USBH_LL_SetTimer)
    USBH_LL_SetToggle                        0x08006db7   Thumb Code    30  usbh_conf.o(i.USBH_LL_SetToggle)
    USBH_LL_Start                            0x08006dd5   Thumb Code    18  usbh_conf.o(i.USBH_LL_Start)
    USBH_LL_Stop                             0x08006de7   Thumb Code    18  usbh_conf.o(i.USBH_LL_Stop)
    USBH_LL_SubmitURB                        0x08006df9   Thumb Code    34  usbh_conf.o(i.USBH_LL_SubmitURB)
    USBH_OpenPipe                            0x08006e1b   Thumb Code    20  usbh_pipes.o(i.USBH_OpenPipe)
    USBH_Process                             0x080070a5   Thumb Code   806  usbh_core.o(i.USBH_Process)
    USBH_RegisterClass                       0x080075d5   Thumb Code    64  usbh_core.o(i.USBH_RegisterClass)
    USBH_SelectInterface                     0x08007655   Thumb Code   120  usbh_core.o(i.USBH_SelectInterface)
    USBH_SetAddress                          0x08007749   Thumb Code    28  usbh_ctlreq.o(i.USBH_SetAddress)
    USBH_SetCfg                              0x08007765   Thumb Code    28  usbh_ctlreq.o(i.USBH_SetCfg)
    USBH_SetFeature                          0x08007781   Thumb Code    28  usbh_ctlreq.o(i.USBH_SetFeature)
    USBH_Start                               0x0800779d   Thumb Code    20  usbh_core.o(i.USBH_Start)
    USBH_UserProcess                         0x080077b1   Thumb Code    28  usb_host.o(i.USBH_UserProcess)
    USB_CoreInit                             0x080077d1   Thumb Code   126  stm32f4xx_ll_usb.o(i.USB_CoreInit)
    USB_DisableGlobalInt                     0x08007891   Thumb Code    12  stm32f4xx_ll_usb.o(i.USB_DisableGlobalInt)
    USB_DoPing                               0x0800789d   Thumb Code    30  stm32f4xx_ll_usb.o(i.USB_DoPing)
    USB_DriveVbus                            0x080078c1   Thumb Code    44  stm32f4xx_ll_usb.o(i.USB_DriveVbus)
    USB_EnableGlobalInt                      0x080078ed   Thumb Code    12  stm32f4xx_ll_usb.o(i.USB_EnableGlobalInt)
    USB_FlushRxFifo                          0x080078f9   Thumb Code    56  stm32f4xx_ll_usb.o(i.USB_FlushRxFifo)
    USB_FlushTxFifo                          0x08007931   Thumb Code    60  stm32f4xx_ll_usb.o(i.USB_FlushTxFifo)
    USB_GetCurrentFrame                      0x0800796d   Thumb Code     8  stm32f4xx_ll_usb.o(i.USB_GetCurrentFrame)
    USB_GetHostSpeed                         0x08007975   Thumb Code    14  stm32f4xx_ll_usb.o(i.USB_GetHostSpeed)
    USB_GetMode                              0x08007983   Thumb Code     8  stm32f4xx_ll_usb.o(i.USB_GetMode)
    USB_HC_Halt                              0x0800798b   Thumb Code   212  stm32f4xx_ll_usb.o(i.USB_HC_Halt)
    USB_HC_Init                              0x08007a61   Thumb Code   276  stm32f4xx_ll_usb.o(i.USB_HC_Init)
    USB_HC_ReadInterrupt                     0x08007b79   Thumb Code     8  stm32f4xx_ll_usb.o(i.USB_HC_ReadInterrupt)
    USB_HC_StartXfer                         0x08007b81   Thumb Code   602  stm32f4xx_ll_usb.o(i.USB_HC_StartXfer)
    USB_HostInit                             0x08007de1   Thumb Code   184  stm32f4xx_ll_usb.o(i.USB_HostInit)
    USB_InitFSLSPClkSel                      0x08007eb1   Thumb Code    56  stm32f4xx_ll_usb.o(i.USB_InitFSLSPClkSel)
    USB_ReadChInterrupts                     0x08007ee9   Thumb Code    16  stm32f4xx_ll_usb.o(i.USB_ReadChInterrupts)
    USB_ReadInterrupts                       0x08007ef9   Thumb Code     8  stm32f4xx_ll_usb.o(i.USB_ReadInterrupts)
    USB_ReadPacket                           0x08007f01   Thumb Code    62  stm32f4xx_ll_usb.o(i.USB_ReadPacket)
    USB_ResetPort                            0x08007f3f   Thumb Code    50  stm32f4xx_ll_usb.o(i.USB_ResetPort)
    USB_SetCurrentMode                       0x08007f71   Thumb Code    92  stm32f4xx_ll_usb.o(i.USB_SetCurrentMode)
    USB_StopHost                             0x08007fcd   Thumb Code   138  stm32f4xx_ll_usb.o(i.USB_StopHost)
    USB_WritePacket                          0x08008059   Thumb Code    40  stm32f4xx_ll_usb.o(i.USB_WritePacket)
    UsageFault_Handler                       0x08008081   Thumb Code     2  stm32f4xx_it.o(i.UsageFault_Handler)
    W25Q128_Init                             0x08008085   Thumb Code   174  bsp_w25q128.o(i.W25Q128_Init)
    W25Q128_ReadData                         0x08008149   Thumb Code    82  bsp_w25q128.o(i.W25Q128_ReadData)
    W25Q128_ReadFontData                     0x080081a5   Thumb Code   150  bsp_w25q128.o(i.W25Q128_ReadFontData)
    W25Q128_WriteData                        0x08008249   Thumb Code   210  bsp_w25q128.o(i.W25Q128_WriteData)
    XPT2046_Cmd                              0x08008935   Thumb Code    10  bsp_xpt2046.o(i.XPT2046_Cmd)
    XPT2046_GetX                             0x08008945   Thumb Code     6  bsp_xpt2046.o(i.XPT2046_GetX)
    XPT2046_GetY                             0x08008951   Thumb Code     6  bsp_xpt2046.o(i.XPT2046_GetY)
    XPT2046_Init                             0x0800895d   Thumb Code   286  bsp_xpt2046.o(i.XPT2046_Init)
    XPT2046_IsPressed                        0x08008aa9   Thumb Code   108  bsp_xpt2046.o(i.XPT2046_IsPressed)
    XPT2046_ReCalibration                    0x08008b21   Thumb Code   932  bsp_xpt2046.o(i.XPT2046_ReCalibration)
    __0printf                                0x08008f95   Thumb Code    22  printfa.o(i.__0printf)
    __1printf                                0x08008f95   Thumb Code     0  printfa.o(i.__0printf)
    __2printf                                0x08008f95   Thumb Code     0  printfa.o(i.__0printf)
    __c89printf                              0x08008f95   Thumb Code     0  printfa.o(i.__0printf)
    printf                                   0x08008f95   Thumb Code     0  printfa.o(i.__0printf)
    __0sprintf                               0x08008fb5   Thumb Code    34  printfa.o(i.__0sprintf)
    __1sprintf                               0x08008fb5   Thumb Code     0  printfa.o(i.__0sprintf)
    __2sprintf                               0x08008fb5   Thumb Code     0  printfa.o(i.__0sprintf)
    __c89sprintf                             0x08008fb5   Thumb Code     0  printfa.o(i.__0sprintf)
    sprintf                                  0x08008fb5   Thumb Code     0  printfa.o(i.__0sprintf)
    __scatterload_copy                       0x08008ffd   Thumb Code    14  handlers.o(i.__scatterload_copy)
    __scatterload_null                       0x0800900b   Thumb Code     2  handlers.o(i.__scatterload_null)
    __scatterload_zeroinit                   0x0800900d   Thumb Code    14  handlers.o(i.__scatterload_zeroinit)
    bsp_can_init                             0x08009945   Thumb Code    24  bsp_can.o(i.bsp_can_init)
    can1_rx_callback                         0x08009961   Thumb Code   530  dm_motor_ctrl.o(i.can1_rx_callback)
    canx_receive                             0x08009bd5   Thumb Code    50  bsp_can.o(i.canx_receive)
    canx_send_data                           0x08009c0d   Thumb Code    92  bsp_can.o(i.canx_send_data)
    disable_motor_mode                       0x08009d99   Thumb Code    52  dm_motor_drv.o(i.disable_motor_mode)
    dm_motor_clear_para                      0x08009dcd   Thumb Code    30  dm_motor_drv.o(i.dm_motor_clear_para)
    dm_motor_ctrl_send                       0x08009df1   Thumb Code    90  dm_motor_drv.o(i.dm_motor_ctrl_send)
    dm_motor_disable                         0x08009e4b   Thumb Code    68  dm_motor_drv.o(i.dm_motor_disable)
    dm_motor_enable                          0x08009e91   Thumb Code    56  dm_motor_drv.o(i.dm_motor_enable)
    dm_motor_fbdata                          0x08009ec9   Thumb Code   142  dm_motor_drv.o(i.dm_motor_fbdata)
    dm_motor_init                            0x08009f59   Thumb Code   294  dm_motor_ctrl.o(i.dm_motor_init)
    drawAscii                                0x0800a0a5   Thumb Code   208  bsp_lcd_ili9341.o(i.drawAscii)
    drawGBK                                  0x0800a189   Thumb Code   144  bsp_lcd_ili9341.o(i.drawGBK)
    enable_motor_mode                        0x0800a221   Thumb Code    52  dm_motor_drv.o(i.enable_motor_mode)
    float_to_uint                            0x0800a255   Thumb Code    40  dm_motor_drv.o(i.float_to_uint)
    fputc                                    0x0800a27d   Thumb Code    14  bsp_uart.o(i.fputc)
    free                                     0x0800a28d   Thumb Code    76  malloc.o(i.free)
    main                                     0x0800a2e9   Thumb Code   366  main.o(i.main)
    malloc                                   0x0800a47d   Thumb Code    92  malloc.o(i.malloc)
    mit_ctrl                                 0x0800a4e9   Thumb Code   182  dm_motor_drv.o(i.mit_ctrl)
    osKernelStart                            0x0800a5a9   Thumb Code    10  cmsis_os.o(i.osKernelStart)
    osMessageCreate                          0x0800a5b3   Thumb Code    38  cmsis_os.o(i.osMessageCreate)
    osMessageGet                             0x0800a5d9   Thumb Code   144  cmsis_os.o(i.osMessageGet)
    osMessagePut                             0x0800a66d   Thumb Code    86  cmsis_os.o(i.osMessagePut)
    osThreadCreate                           0x0800a6c9   Thumb Code    84  cmsis_os.o(i.osThreadCreate)
    pos_ctrl                                 0x0800a71d   Thumb Code    70  dm_motor_drv.o(i.pos_ctrl)
    ps2_checkkey                             0x0800abe5   Thumb Code   152  bsp_ps2.o(i.ps2_checkkey)
    ps2_checkkeystate                        0x0800ac85   Thumb Code    12  bsp_ps2.o(i.ps2_checkkeystate)
    psi_ctrl                                 0x0800aca9   Thumb Code    96  dm_motor_drv.o(i.psi_ctrl)
    pvPortMalloc                             0x0800ad11   Thumb Code   216  heap_4.o(i.pvPortMalloc)
    pxPortInitialiseStack                    0x0800aded   Thumb Code    40  port.o(i.pxPortInitialiseStack)
    readReg                                  0x0800b085   Thumb Code    20  bsp_lcd_ili9341.o(i.readReg)
    receive_motor_data                       0x0800b0f9   Thumb Code   476  dm_motor_ctrl.o(i.receive_motor_data)
    save_motor_data                          0x0800b2d5   Thumb Code    36  dm_motor_drv.o(i.save_motor_data)
    save_pos_zero                            0x0800b301   Thumb Code    52  dm_motor_drv.o(i.save_pos_zero)
    spd_ctrl                                 0x0800b3e5   Thumb Code    44  dm_motor_drv.o(i.spd_ctrl)
    uint_to_float                            0x0800b411   Thumb Code    40  dm_motor_drv.o(i.uint_to_float)
    uxListRemove                             0x0800b439   Thumb Code    38  list.o(i.uxListRemove)
    vApplicationGetIdleTaskMemory            0x0800b461   Thumb Code    16  freertos.o(i.vApplicationGetIdleTaskMemory)
    vListInitialise                          0x0800b475   Thumb Code    22  list.o(i.vListInitialise)
    vListInitialiseItem                      0x0800b48b   Thumb Code     6  list.o(i.vListInitialiseItem)
    vListInsert                              0x0800b491   Thumb Code    48  list.o(i.vListInsert)
    vListInsertEnd                           0x0800b4c1   Thumb Code    24  list.o(i.vListInsertEnd)
    vPortEnterCritical                       0x0800b4d9   Thumb Code    54  port.o(i.vPortEnterCritical)
    vPortExitCritical                        0x0800b519   Thumb Code    34  port.o(i.vPortExitCritical)
    vPortFree                                0x0800b541   Thumb Code    94  heap_4.o(i.vPortFree)
    vPortSetupTimerInterrupt                 0x0800b5a5   Thumb Code    32  port.o(i.vPortSetupTimerInterrupt)
    vPortValidateInterruptPriority           0x0800b5c9   Thumb Code    74  port.o(i.vPortValidateInterruptPriority)
    vTaskDelay                               0x0800b61d   Thumb Code    66  tasks.o(i.vTaskDelay)
    vTaskDelayUntil                          0x0800b669   Thumb Code   132  tasks.o(i.vTaskDelayUntil)
    vTaskDelete                              0x0800b6f5   Thumb Code   158  tasks.o(i.vTaskDelete)
    vTaskInternalSetTimeOutState             0x0800b7a1   Thumb Code    12  tasks.o(i.vTaskInternalSetTimeOutState)
    vTaskMissedYield                         0x0800b7b1   Thumb Code     8  tasks.o(i.vTaskMissedYield)
    vTaskPlaceOnEventList                    0x0800b7bd   Thumb Code    44  tasks.o(i.vTaskPlaceOnEventList)
    vTaskStartScheduler                      0x0800b7ed   Thumb Code    90  tasks.o(i.vTaskStartScheduler)
    vTaskSuspendAll                          0x0800b859   Thumb Code    10  tasks.o(i.vTaskSuspendAll)
    vTaskSwitchContext                       0x0800b869   Thumb Code    82  tasks.o(i.vTaskSwitchContext)
    write_motor_data                         0x0800b9c9   Thumb Code    74  dm_motor_drv.o(i.write_motor_data)
    xPortStartScheduler                      0x0800ba21   Thumb Code   222  port.o(i.xPortStartScheduler)
    xQueueGenericCreate                      0x0800bb15   Thumb Code    66  queue.o(i.xQueueGenericCreate)
    xQueueGenericCreateStatic                0x0800bb57   Thumb Code   102  queue.o(i.xQueueGenericCreateStatic)
    xQueueGenericReset                       0x0800bbbd   Thumb Code   132  queue.o(i.xQueueGenericReset)
    xQueueGenericSend                        0x0800bc45   Thumb Code   346  queue.o(i.xQueueGenericSend)
    xQueueGenericSendFromISR                 0x0800bda5   Thumb Code   190  queue.o(i.xQueueGenericSendFromISR)
    xQueueReceive                            0x0800be65   Thumb Code   308  queue.o(i.xQueueReceive)
    xQueueReceiveFromISR                     0x0800bf9d   Thumb Code   154  queue.o(i.xQueueReceiveFromISR)
    xTaskCheckForTimeOut                     0x0800c039   Thumb Code   112  tasks.o(i.xTaskCheckForTimeOut)
    xTaskCreate                              0x0800c0ad   Thumb Code    90  tasks.o(i.xTaskCreate)
    xTaskCreateStatic                        0x0800c107   Thumb Code    86  tasks.o(i.xTaskCreateStatic)
    xTaskGetSchedulerState                   0x0800c15d   Thumb Code    22  tasks.o(i.xTaskGetSchedulerState)
    xTaskGetTickCount                        0x0800c179   Thumb Code     6  tasks.o(i.xTaskGetTickCount)
    xTaskIncrementTick                       0x0800c185   Thumb Code   194  tasks.o(i.xTaskIncrementTick)
    xTaskPriorityDisinherit                  0x0800c251   Thumb Code   144  tasks.o(i.xTaskPriorityDisinherit)
    xTaskRemoveFromEventList                 0x0800c2e9   Thumb Code   108  tasks.o(i.xTaskRemoveFromEventList)
    xTaskResumeAll                           0x0800c35d   Thumb Code   182  tasks.o(i.xTaskResumeAll)
    AHBPrescTable                            0x0800c420   Data          16  system_stm32f4xx.o(.constdata)
    APBPrescTable                            0x0800c430   Data           8  system_stm32f4xx.o(.constdata)
    aFontASCII12                             0x0800c438   Data        1140  bsp_lcd_ili9341.o(.constdata)
    aFontASCII16                             0x0800c8ac   Data        1520  bsp_lcd_ili9341.o(.constdata)
    aFontASCII24                             0x0800ce9c   Data        3420  bsp_lcd_ili9341.o(.constdata)
    aFontASCII32                             0x0800dbf8   Data        6080  bsp_lcd_ili9341.o(.constdata)
    yanda_152_60                             0x0800f3b8   Data       18240  bsp_lcd_ili9341.o(.constdata)
    Region$$Table$$Base                      0x08013cd8   Number         0  anon$$obj.o(Region$$Table)
    Region$$Table$$Limit                     0x08013cf8   Number         0  anon$$obj.o(Region$$Table)
    g_machine_mode                           0x20000000   Data           1  main.o(.data)
    g_rov_status                             0x20000004   Data           1  main.o(.data)
    g_dm4310_status                          0x20000005   Data           1  main.o(.data)
    g_dm3910_1_status                        0x20000006   Data           1  main.o(.data)
    g_dm3910_2_status                        0x20000007   Data           1  main.o(.data)
    g_dm3910_3_status                        0x20000008   Data           1  main.o(.data)
    Rovmotor_PWM                             0x2000000a   Data           2  main.o(.data)
    g_dm4310_target_pos                      0x2000000c   Data           4  main.o(.data)
    g_dm3910_1_target_pos                    0x20000010   Data           4  main.o(.data)
    g_dm3910_2_target_pos                    0x20000014   Data           4  main.o(.data)
    g_dm3910_3_target_pos                    0x20000018   Data           4  main.o(.data)
    g_transmit_status                        0x2000001c   Data           1  main.o(.data)
    g_dm4310_real_pos                        0x20000020   Data           8  main.o(.data)
    g_dm3910_1_real_pos                      0x20000028   Data           8  main.o(.data)
    g_dm3910_2_real_pos                      0x20000030   Data           8  main.o(.data)
    g_dm3910_3_real_pos                      0x20000038   Data           8  main.o(.data)
    g_handup                                 0x20000040   Data           1  main.o(.data)
    g_start_tick                             0x20000042   Data           2  main.o(.data)
    xCommunicationTaskHandle                 0x20000048   Data           4  freertos.o(.data)
    xTouch_ManageTaskHandle                  0x2000004c   Data           4  freertos.o(.data)
    xMotorTaskHandle                         0x20000050   Data           4  freertos.o(.data)
    ret                                      0x20000054   Data           4  freertos.o(.data)
    uwTickFreq                               0x20000058   Data           1  stm32f4xx_hal.o(.data)
    uwTickPrio                               0x2000005c   Data           4  stm32f4xx_hal.o(.data)
    uwTick                                   0x20000060   Data           4  stm32f4xx_hal.o(.data)
    SystemCoreClock                          0x20000064   Data           4  system_stm32f4xx.o(.data)
    pxCurrentTCB                             0x20000068   Data           4  tasks.o(.data)
    __stdout                                 0x200000e0   Data           4  bsp_uart.o(.data)
    ps2_info                                 0x200000f4   Data          12  bsp_ps2.o(.data)
    ps2_defaultVal                           0x20000100   Data          12  bsp_ps2.o(.data)
    PS2_HID_Class                            0x2000010c   Data          32  bsp_ps2.o(.data)
    WiredlessPS2_HID_Class                   0x2000012c   Data          32  bsp_ps2.o(.data)
    xLCD                                     0x20000158   Data           8  bsp_lcd_ili9341.o(.data)
    Appli_state                              0x2000016a   Data           1  usb_host.o(.data)
    __microlib_freelist                      0x2000016c   Data           4  mvars.o(.data)
    __microlib_freelist_initialised          0x20000170   Data           4  mvars.o(.data)
    hcan1                                    0x200003dc   Data          40  can.o(.bss)
    htim2                                    0x20000404   Data          72  tim.o(.bss)
    htim6                                    0x2000044c   Data          72  tim.o(.bss)
    huart1                                   0x20000494   Data          72  usart.o(.bss)
    htim1                                    0x200004dc   Data          72  stm32f4xx_hal_timebase_tim.o(.bss)
    xCAN1                                    0x20006c74   Data          68  bsp_can.o(.bss)
    ps2key                                   0x20006cf8   Data         256  bsp_ps2.o(.bss)
    xW25Q128                                 0x20006e78   Data          24  bsp_w25q128.o(.bss)
    W25Q128_buffer                           0x20006e90   Data        4096  bsp_w25q128.o(.bss)
    motor                                    0x20007edc   Data        2720  dm_motor_ctrl.o(.bss)
    hUsbHostFS                               0x2000897c   Data        1520  usb_host.o(.bss)
    hhcd_USB_OTG_FS                          0x20008f6c   Data         992  usbh_conf.o(.bss)
    __heap_base                              0x20009350   Data           0  startup_stm32f407xx.o(HEAP)
    __heap_limit                             0x20009550   Data           0  startup_stm32f407xx.o(HEAP)
    __initial_sp                             0x20009950   Data           0  startup_stm32f407xx.o(STACK)



==============================================================================

Memory Map of the image

  Image Entry point : 0x08000189

  Load Region LR_IROM1 (Base: 0x08000000, Size: 0x00013e6c, Max: 0x00080000, ABSOLUTE, COMPRESSED[0x00013d3c])

    Execution Region ER_IROM1 (Exec base: 0x08000000, Load base: 0x08000000, Size: 0x00013cf8, Max: 0x00080000, ABSOLUTE)

    Exec Addr    Load Addr    Size         Type   Attr      Idx    E Section Name        Object

    0x08000000   0x08000000   0x00000188   Data   RO         5261    RESET               startup_stm32f407xx.o
    0x08000188   0x08000188   0x00000000   Code   RO         7241  * .ARM.Collect$$$$00000000  mc_w.l(entry.o)
    0x08000188   0x08000188   0x00000004   Code   RO         7559    .ARM.Collect$$$$00000001  mc_w.l(entry2.o)
    0x0800018c   0x0800018c   0x00000004   Code   RO         7562    .ARM.Collect$$$$00000004  mc_w.l(entry5.o)
    0x08000190   0x08000190   0x00000000   Code   RO         7564    .ARM.Collect$$$$00000008  mc_w.l(entry7b.o)
    0x08000190   0x08000190   0x00000000   Code   RO         7566    .ARM.Collect$$$$0000000A  mc_w.l(entry8b.o)
    0x08000190   0x08000190   0x00000008   Code   RO         7567    .ARM.Collect$$$$0000000B  mc_w.l(entry9a.o)
    0x08000198   0x08000198   0x00000004   Code   RO         7574    .ARM.Collect$$$$0000000E  mc_w.l(entry12b.o)
    0x0800019c   0x0800019c   0x00000000   Code   RO         7569    .ARM.Collect$$$$0000000F  mc_w.l(entry10a.o)
    0x0800019c   0x0800019c   0x00000000   Code   RO         7571    .ARM.Collect$$$$00000011  mc_w.l(entry11a.o)
    0x0800019c   0x0800019c   0x00000004   Code   RO         7560    .ARM.Collect$$$$00002712  mc_w.l(entry2.o)
    0x080001a0   0x080001a0   0x000000be   Code   RO         5182    .emb_text           port.o
    0x0800025e   0x0800025e   0x00000002   PAD
    0x08000260   0x08000260   0x00000024   Code   RO         5262    .text               startup_stm32f407xx.o
    0x08000284   0x08000284   0x00000062   Code   RO         7244    .text               mc_w.l(uldiv.o)
    0x080002e6   0x080002e6   0x00000024   Code   RO         7246    .text               mc_w.l(memcpya.o)
    0x0800030a   0x0800030a   0x00000024   Code   RO         7250    .text               mc_w.l(memseta.o)
    0x0800032e   0x0800032e   0x0000014e   Code   RO         7547    .text               mf_w.l(dadd.o)
    0x0800047c   0x0800047c   0x000000e4   Code   RO         7549    .text               mf_w.l(dmul.o)
    0x08000560   0x08000560   0x000000de   Code   RO         7551    .text               mf_w.l(ddiv.o)
    0x0800063e   0x0800063e   0x00000026   Code   RO         7553    .text               mf_w.l(f2d.o)
    0x08000664   0x08000664   0x00000030   Code   RO         7555    .text               mf_w.l(cdrcmple.o)
    0x08000694   0x08000694   0x00000038   Code   RO         7557    .text               mf_w.l(d2f.o)
    0x080006cc   0x080006cc   0x0000002c   Code   RO         7575    .text               mc_w.l(uidiv.o)
    0x080006f8   0x080006f8   0x0000001e   Code   RO         7577    .text               mc_w.l(llshl.o)
    0x08000716   0x08000716   0x00000020   Code   RO         7579    .text               mc_w.l(llushr.o)
    0x08000736   0x08000736   0x00000024   Code   RO         7581    .text               mc_w.l(llsshr.o)
    0x0800075a   0x0800075a   0x00000000   Code   RO         7585    .text               mc_w.l(iusefp.o)
    0x0800075a   0x0800075a   0x0000006e   Code   RO         7586    .text               mf_w.l(fepilogue.o)
    0x080007c8   0x080007c8   0x000000ba   Code   RO         7588    .text               mf_w.l(depilogue.o)
    0x08000882   0x08000882   0x00000030   Code   RO         7590    .text               mf_w.l(dfixul.o)
    0x080008b2   0x080008b2   0x00000002   PAD
    0x080008b4   0x080008b4   0x00000024   Code   RO         7592    .text               mc_w.l(init.o)
    0x080008d8   0x080008d8   0x00000056   Code   RO         7602    .text               mc_w.l(__dczerorl2.o)
    0x0800092e   0x0800092e   0x00000002   Code   RO          539    i.BusFault_Handler  stm32f4xx_it.o
    0x08000930   0x08000930   0x00000054   Code   RO         5603    i.CAN1_FilterInit   bsp_can.o
    0x08000984   0x08000984   0x0000000c   Code   RO          540    i.CAN1_RX0_IRQHandler  stm32f4xx_it.o
    0x08000990   0x08000990   0x00000040   Code   RO          339    i.CommunicationTask  freertos.o
    0x080009d0   0x080009d0   0x00000078   Code   RO         6634    i.DeInitStateMachine  usbh_core.o
    0x08000a48   0x08000a48   0x00000002   Code   RO          541    i.DebugMon_Handler  stm32f4xx_it.o
    0x08000a4a   0x08000a4a   0x00000006   Code   RO          542    i.EXTI0_IRQHandler  stm32f4xx_it.o
    0x08000a50   0x08000a50   0x00000006   Code   RO          543    i.EXTI1_IRQHandler  stm32f4xx_it.o
    0x08000a56   0x08000a56   0x00000006   Code   RO          544    i.EXTI4_IRQHandler  stm32f4xx_it.o
    0x08000a5c   0x08000a5c   0x00000004   Code   RO            4    i.Error_Handler     main.o
    0x08000a60   0x08000a60   0x00000024   Code   RO         3325    i.HAL_CAN_ActivateNotification  stm32f4xx_hal_can.o
    0x08000a84   0x08000a84   0x000000d0   Code   RO         3326    i.HAL_CAN_AddTxMessage  stm32f4xx_hal_can.o
    0x08000b54   0x08000b54   0x0000010c   Code   RO         3327    i.HAL_CAN_ConfigFilter  stm32f4xx_hal_can.o
    0x08000c60   0x08000c60   0x00000002   Code   RO         3330    i.HAL_CAN_ErrorCallback  stm32f4xx_hal_can.o
    0x08000c62   0x08000c62   0x000000f4   Code   RO         3333    i.HAL_CAN_GetRxMessage  stm32f4xx_hal_can.o
    0x08000d56   0x08000d56   0x0000002c   Code   RO         3335    i.HAL_CAN_GetTxMailboxesFreeLevel  stm32f4xx_hal_can.o
    0x08000d82   0x08000d82   0x000001fc   Code   RO         3337    i.HAL_CAN_IRQHandler  stm32f4xx_hal_can.o
    0x08000f7e   0x08000f7e   0x0000011a   Code   RO         3338    i.HAL_CAN_Init      stm32f4xx_hal_can.o
    0x08001098   0x08001098   0x0000007c   Code   RO          402    i.HAL_CAN_MspInit   can.o
    0x08001114   0x08001114   0x00000002   Code   RO         3345    i.HAL_CAN_RxFifo0FullCallback  stm32f4xx_hal_can.o
    0x08001116   0x08001116   0x00000002   PAD
    0x08001118   0x08001118   0x00000014   Code   RO         5604    i.HAL_CAN_RxFifo0MsgPendingCallback  bsp_can.o
    0x0800112c   0x0800112c   0x00000002   Code   RO         3347    i.HAL_CAN_RxFifo1FullCallback  stm32f4xx_hal_can.o
    0x0800112e   0x0800112e   0x00000002   Code   RO         3348    i.HAL_CAN_RxFifo1MsgPendingCallback  stm32f4xx_hal_can.o
    0x08001130   0x08001130   0x00000002   Code   RO         3349    i.HAL_CAN_SleepCallback  stm32f4xx_hal_can.o
    0x08001132   0x08001132   0x00000002   PAD
    0x08001134   0x08001134   0x00000058   Code   RO         3350    i.HAL_CAN_Start     stm32f4xx_hal_can.o
    0x0800118c   0x0800118c   0x00000002   Code   RO         3352    i.HAL_CAN_TxMailbox0AbortCallback  stm32f4xx_hal_can.o
    0x0800118e   0x0800118e   0x00000002   Code   RO         3353    i.HAL_CAN_TxMailbox0CompleteCallback  stm32f4xx_hal_can.o
    0x08001190   0x08001190   0x00000002   Code   RO         3354    i.HAL_CAN_TxMailbox1AbortCallback  stm32f4xx_hal_can.o
    0x08001192   0x08001192   0x00000002   Code   RO         3355    i.HAL_CAN_TxMailbox1CompleteCallback  stm32f4xx_hal_can.o
    0x08001194   0x08001194   0x00000002   Code   RO         3356    i.HAL_CAN_TxMailbox2AbortCallback  stm32f4xx_hal_can.o
    0x08001196   0x08001196   0x00000002   Code   RO         3357    i.HAL_CAN_TxMailbox2CompleteCallback  stm32f4xx_hal_can.o
    0x08001198   0x08001198   0x00000002   Code   RO         3359    i.HAL_CAN_WakeUpFromRxMsgCallback  stm32f4xx_hal_can.o
    0x0800119a   0x0800119a   0x00000002   PAD
    0x0800119c   0x0800119c   0x00000024   Code   RO         3073    i.HAL_Delay         stm32f4xx_hal.o
    0x080011c0   0x080011c0   0x00000070   Code   RO            5    i.HAL_GPIO_EXTI_Callback  main.o
    0x08001230   0x08001230   0x00000018   Code   RO         2528    i.HAL_GPIO_EXTI_IRQHandler  stm32f4xx_hal_gpio.o
    0x08001248   0x08001248   0x000001f0   Code   RO         2529    i.HAL_GPIO_Init     stm32f4xx_hal_gpio.o
    0x08001438   0x08001438   0x00000010   Code   RO         2532    i.HAL_GPIO_TogglePin  stm32f4xx_hal_gpio.o
    0x08001448   0x08001448   0x0000000a   Code   RO         2533    i.HAL_GPIO_WritePin  stm32f4xx_hal_gpio.o
    0x08001452   0x08001452   0x00000002   PAD
    0x08001454   0x08001454   0x0000000c   Code   RO         3079    i.HAL_GetTick       stm32f4xx_hal.o
    0x08001460   0x08001460   0x00000008   Code   RO         6469    i.HAL_HCD_Connect_Callback  usbh_conf.o
    0x08001468   0x08001468   0x00000008   Code   RO         6470    i.HAL_HCD_Disconnect_Callback  usbh_conf.o
    0x08001470   0x08001470   0x00000006   Code   RO         1678    i.HAL_HCD_GetCurrentFrame  stm32f4xx_hal_hcd.o
    0x08001476   0x08001476   0x00000006   Code   RO         1679    i.HAL_HCD_GetCurrentSpeed  stm32f4xx_hal_hcd.o
    0x0800147c   0x0800147c   0x00000018   Code   RO         1681    i.HAL_HCD_HC_ClearHubInfo  stm32f4xx_hal_hcd.o
    0x08001494   0x08001494   0x0000000e   Code   RO         1683    i.HAL_HCD_HC_GetURBState  stm32f4xx_hal_hcd.o
    0x080014a2   0x080014a2   0x0000000c   Code   RO         1684    i.HAL_HCD_HC_GetXferCount  stm32f4xx_hal_hcd.o
    0x080014ae   0x080014ae   0x00000024   Code   RO         1685    i.HAL_HCD_HC_Halt   stm32f4xx_hal_hcd.o
    0x080014d2   0x080014d2   0x0000009c   Code   RO         1686    i.HAL_HCD_HC_Init   stm32f4xx_hal_hcd.o
    0x0800156e   0x0800156e   0x00000008   Code   RO         6471    i.HAL_HCD_HC_NotifyURBChange_Callback  usbh_conf.o
    0x08001576   0x08001576   0x0000009a   Code   RO         1689    i.HAL_HCD_HC_SubmitRequest  stm32f4xx_hal_hcd.o
    0x08001610   0x08001610   0x00000142   Code   RO         1690    i.HAL_HCD_IRQHandler  stm32f4xx_hal_hcd.o
    0x08001752   0x08001752   0x00000070   Code   RO         1691    i.HAL_HCD_Init      stm32f4xx_hal_hcd.o
    0x080017c2   0x080017c2   0x00000002   PAD
    0x080017c4   0x080017c4   0x00000084   Code   RO         6473    i.HAL_HCD_MspInit   usbh_conf.o
    0x08001848   0x08001848   0x00000008   Code   RO         6474    i.HAL_HCD_PortDisabled_Callback  usbh_conf.o
    0x08001850   0x08001850   0x00000008   Code   RO         6475    i.HAL_HCD_PortEnabled_Callback  usbh_conf.o
    0x08001858   0x08001858   0x00000006   Code   RO         1696    i.HAL_HCD_ResetPort  stm32f4xx_hal_hcd.o
    0x0800185e   0x0800185e   0x00000008   Code   RO         6476    i.HAL_HCD_SOF_Callback  usbh_conf.o
    0x08001866   0x08001866   0x0000002c   Code   RO         1698    i.HAL_HCD_Start     stm32f4xx_hal_hcd.o
    0x08001892   0x08001892   0x00000024   Code   RO         1699    i.HAL_HCD_Stop      stm32f4xx_hal_hcd.o
    0x080018b6   0x080018b6   0x00000002   PAD
    0x080018b8   0x080018b8   0x00000010   Code   RO         3085    i.HAL_IncTick       stm32f4xx_hal.o
    0x080018c8   0x080018c8   0x00000034   Code   RO         3086    i.HAL_Init          stm32f4xx_hal.o
    0x080018fc   0x080018fc   0x0000008c   Code   RO          663    i.HAL_InitTick      stm32f4xx_hal_timebase_tim.o
    0x08001988   0x08001988   0x00000038   Code   RO          639    i.HAL_MspInit       stm32f4xx_hal_msp.o
    0x080019c0   0x080019c0   0x0000001a   Code   RO         2921    i.HAL_NVIC_EnableIRQ  stm32f4xx_hal_cortex.o
    0x080019da   0x080019da   0x00000002   PAD
    0x080019dc   0x080019dc   0x00000040   Code   RO         2927    i.HAL_NVIC_SetPriority  stm32f4xx_hal_cortex.o
    0x08001a1c   0x08001a1c   0x00000024   Code   RO         2928    i.HAL_NVIC_SetPriorityGrouping  stm32f4xx_hal_cortex.o
    0x08001a40   0x08001a40   0x00000134   Code   RO         2175    i.HAL_RCC_ClockConfig  stm32f4xx_hal_rcc.o
    0x08001b74   0x08001b74   0x00000040   Code   RO         2179    i.HAL_RCC_GetClockConfig  stm32f4xx_hal_rcc.o
    0x08001bb4   0x08001bb4   0x00000020   Code   RO         2182    i.HAL_RCC_GetPCLK1Freq  stm32f4xx_hal_rcc.o
    0x08001bd4   0x08001bd4   0x00000020   Code   RO         2183    i.HAL_RCC_GetPCLK2Freq  stm32f4xx_hal_rcc.o
    0x08001bf4   0x08001bf4   0x00000060   Code   RO         2184    i.HAL_RCC_GetSysClockFreq  stm32f4xx_hal_rcc.o
    0x08001c54   0x08001c54   0x0000036c   Code   RO         2187    i.HAL_RCC_OscConfig  stm32f4xx_hal_rcc.o
    0x08001fc0   0x08001fc0   0x00000002   Code   RO         1408    i.HAL_TIMEx_BreakCallback  stm32f4xx_hal_tim_ex.o
    0x08001fc2   0x08001fc2   0x00000002   Code   RO         1409    i.HAL_TIMEx_CommutCallback  stm32f4xx_hal_tim_ex.o
    0x08001fc4   0x08001fc4   0x00000090   Code   RO         1427    i.HAL_TIMEx_MasterConfigSynchronization  stm32f4xx_hal_tim_ex.o
    0x08002054   0x08002054   0x0000005a   Code   RO          704    i.HAL_TIM_Base_Init  stm32f4xx_hal_tim.o
    0x080020ae   0x080020ae   0x00000002   PAD
    0x080020b0   0x080020b0   0x00000050   Code   RO          444    i.HAL_TIM_Base_MspInit  tim.o
    0x08002100   0x08002100   0x00000080   Code   RO          709    i.HAL_TIM_Base_Start_IT  stm32f4xx_hal_tim.o
    0x08002180   0x08002180   0x000000dc   Code   RO          713    i.HAL_TIM_ConfigClockSource  stm32f4xx_hal_tim.o
    0x0800225c   0x0800225c   0x00000002   Code   RO          738    i.HAL_TIM_IC_CaptureCallback  stm32f4xx_hal_tim.o
    0x0800225e   0x0800225e   0x00000130   Code   RO          752    i.HAL_TIM_IRQHandler  stm32f4xx_hal_tim.o
    0x0800238e   0x0800238e   0x00000002   PAD
    0x08002390   0x08002390   0x00000078   Code   RO          445    i.HAL_TIM_MspPostInit  tim.o
    0x08002408   0x08002408   0x00000002   Code   RO          755    i.HAL_TIM_OC_DelayElapsedCallback  stm32f4xx_hal_tim.o
    0x0800240a   0x0800240a   0x000000cc   Code   RO          776    i.HAL_TIM_PWM_ConfigChannel  stm32f4xx_hal_tim.o
    0x080024d6   0x080024d6   0x0000005a   Code   RO          779    i.HAL_TIM_PWM_Init  stm32f4xx_hal_tim.o
    0x08002530   0x08002530   0x00000002   Code   RO          781    i.HAL_TIM_PWM_MspInit  stm32f4xx_hal_tim.o
    0x08002532   0x08002532   0x00000002   Code   RO          782    i.HAL_TIM_PWM_PulseFinishedCallback  stm32f4xx_hal_tim.o
    0x08002534   0x08002534   0x000000c8   Code   RO          784    i.HAL_TIM_PWM_Start  stm32f4xx_hal_tim.o
    0x080025fc   0x080025fc   0x0000007c   Code   RO          787    i.HAL_TIM_PWM_Stop  stm32f4xx_hal_tim.o
    0x08002678   0x08002678   0x00000014   Code   RO            6    i.HAL_TIM_PeriodElapsedCallback  main.o
    0x0800268c   0x0800268c   0x00000002   Code   RO          795    i.HAL_TIM_TriggerCallback  stm32f4xx_hal_tim.o
    0x0800268e   0x0800268e   0x00000064   Code   RO         3588    i.HAL_UART_Init     stm32f4xx_hal_uart.o
    0x080026f2   0x080026f2   0x00000002   PAD
    0x080026f4   0x080026f4   0x0000006c   Code   RO          498    i.HAL_UART_MspInit  usart.o
    0x08002760   0x08002760   0x0000037c   Code   RO         1701    i.HCD_HC_IN_IRQHandler  stm32f4xx_hal_hcd.o
    0x08002adc   0x08002adc   0x000002f6   Code   RO         1702    i.HCD_HC_OUT_IRQHandler  stm32f4xx_hal_hcd.o
    0x08002dd2   0x08002dd2   0x00000094   Code   RO         1703    i.HCD_Port_IRQHandler  stm32f4xx_hal_hcd.o
    0x08002e66   0x08002e66   0x00000086   Code   RO         1704    i.HCD_RXQLVL_IRQHandler  stm32f4xx_hal_hcd.o
    0x08002eec   0x08002eec   0x00000002   Code   RO          545    i.HardFault_Handler  stm32f4xx_it.o
    0x08002eee   0x08002eee   0x00000002   PAD
    0x08002ef0   0x08002ef0   0x000000fc   Code   RO         5803    i.Judge_DMmotor_status  bsp_lcd_ili9341.o
    0x08002fec   0x08002fec   0x00000034   Code   RO         5804    i.Judge_enable      bsp_lcd_ili9341.o
    0x08003020   0x08003020   0x00000048   Code   RO         5805    i.Judge_machine_mode  bsp_lcd_ili9341.o
    0x08003068   0x08003068   0x00000054   Code   RO         5806    i.Judge_rovmotor_pwm  bsp_lcd_ili9341.o
    0x080030bc   0x080030bc   0x00000038   Code   RO         5807    i.Judge_transmit    bsp_lcd_ili9341.o
    0x080030f4   0x080030f4   0x00000080   Code   RO         5809    i.LCD_BOTTON_ADD    bsp_lcd_ili9341.o
    0x08003174   0x08003174   0x0000004e   Code   RO         5810    i.LCD_BOTTON_SUB    bsp_lcd_ili9341.o
    0x080031c2   0x080031c2   0x0000002e   Code   RO         5812    i.LCD_Cross         bsp_lcd_ili9341.o
    0x080031f0   0x080031f0   0x0000002c   Code   RO         5816    i.LCD_DrawPoint     bsp_lcd_ili9341.o
    0x0800321c   0x0800321c   0x00000050   Code   RO         5817    i.LCD_Fill          bsp_lcd_ili9341.o
    0x0800326c   0x0800326c   0x00000068   Code   RO         5819    i.LCD_Image         bsp_lcd_ili9341.o
    0x080032d4   0x080032d4   0x00000314   Code   RO         5820    i.LCD_Init          bsp_lcd_ili9341.o
    0x080035e8   0x080035e8   0x0000009c   Code   RO         5821    i.LCD_Line          bsp_lcd_ili9341.o
    0x08003684   0x08003684   0x00000044   Code   RO         5823    i.LCD_Rectangle     bsp_lcd_ili9341.o
    0x080036c8   0x080036c8   0x0000009c   Code   RO         5824    i.LCD_SetDir        bsp_lcd_ili9341.o
    0x08003764   0x08003764   0x0000008c   Code   RO         5825    i.LCD_String        bsp_lcd_ili9341.o
    0x080037f0   0x080037f0   0x00000044   Code   RO          403    i.MX_CAN1_Init      can.o
    0x08003834   0x08003834   0x00000068   Code   RO          340    i.MX_FREERTOS_Init  freertos.o
    0x0800389c   0x0800389c   0x00000104   Code   RO          311    i.MX_GPIO_Init      gpio.o
    0x080039a0   0x080039a0   0x000000c8   Code   RO          446    i.MX_TIM2_Init      tim.o
    0x08003a68   0x08003a68   0x00000048   Code   RO          447    i.MX_TIM6_Init      tim.o
    0x08003ab0   0x08003ab0   0x00000038   Code   RO          499    i.MX_USART1_UART_Init  usart.o
    0x08003ae8   0x08003ae8   0x00000054   Code   RO         6421    i.MX_USB_HOST_Init  usb_host.o
    0x08003b3c   0x08003b3c   0x00000002   Code   RO          546    i.MemManage_Handler  stm32f4xx_it.o
    0x08003b3e   0x08003b3e   0x00000002   PAD
    0x08003b40   0x08003b40   0x00000050   Code   RO          341    i.Motor_Task        freertos.o
    0x08003b90   0x08003b90   0x00000002   Code   RO          547    i.NMI_Handler       stm32f4xx_it.o
    0x08003b92   0x08003b92   0x00000002   PAD
    0x08003b94   0x08003b94   0x0000000c   Code   RO          548    i.OTG_FS_IRQHandler  stm32f4xx_it.o
    0x08003ba0   0x08003ba0   0x0000002c   Code   RO         5183    i.SysTick_Handler   port.o
    0x08003bcc   0x08003bcc   0x00000094   Code   RO            7    i.SystemClock_Config  main.o
    0x08003c60   0x08003c60   0x00000078   Code   RO         3921    i.SystemCoreClockUpdate  system_stm32f4xx.o
    0x08003cd8   0x08003cd8   0x00000010   Code   RO         3922    i.SystemInit        system_stm32f4xx.o
    0x08003ce8   0x08003ce8   0x0000000c   Code   RO          549    i.TIM1_UP_TIM10_IRQHandler  stm32f4xx_it.o
    0x08003cf4   0x08003cf4   0x0000000c   Code   RO          550    i.TIM6_DAC_IRQHandler  stm32f4xx_it.o
    0x08003d00   0x08003d00   0x000000d8   Code   RO          797    i.TIM_Base_SetConfig  stm32f4xx_hal_tim.o
    0x08003dd8   0x08003dd8   0x0000001a   Code   RO          798    i.TIM_CCxChannelCmd  stm32f4xx_hal_tim.o
    0x08003df2   0x08003df2   0x00000014   Code   RO          808    i.TIM_ETR_SetConfig  stm32f4xx_hal_tim.o
    0x08003e06   0x08003e06   0x00000010   Code   RO          809    i.TIM_ITRx_SetConfig  stm32f4xx_hal_tim.o
    0x08003e16   0x08003e16   0x00000002   PAD
    0x08003e18   0x08003e18   0x00000060   Code   RO          810    i.TIM_OC1_SetConfig  stm32f4xx_hal_tim.o
    0x08003e78   0x08003e78   0x0000006c   Code   RO          811    i.TIM_OC2_SetConfig  stm32f4xx_hal_tim.o
    0x08003ee4   0x08003ee4   0x00000068   Code   RO          812    i.TIM_OC3_SetConfig  stm32f4xx_hal_tim.o
    0x08003f4c   0x08003f4c   0x00000050   Code   RO          813    i.TIM_OC4_SetConfig  stm32f4xx_hal_tim.o
    0x08003f9c   0x08003f9c   0x00000022   Code   RO          815    i.TIM_TI1_ConfigInputStage  stm32f4xx_hal_tim.o
    0x08003fbe   0x08003fbe   0x00000024   Code   RO          817    i.TIM_TI2_ConfigInputStage  stm32f4xx_hal_tim.o
    0x08003fe2   0x08003fe2   0x00000002   PAD
    0x08003fe4   0x08003fe4   0x00000fdc   Code   RO          342    i.Touch_ManageTask  freertos.o
    0x08004fc0   0x08004fc0   0x000001b0   Code   RO         5272    i.UART1_Init        bsp_uart.o
    0x08005170   0x08005170   0x00000044   Code   RO         5274    i.UART1_SendData    bsp_uart.o
    0x080051b4   0x080051b4   0x000000dc   Code   RO         5293    i.UART4_IRQHandler  bsp_uart.o
    0x08005290   0x08005290   0x000000cc   Code   RO         5301    i.UART5_IRQHandler  bsp_uart.o
    0x0800535c   0x0800535c   0x0000010c   Code   RO         3614    i.UART_SetConfig    stm32f4xx_hal_uart.o
    0x08005468   0x08005468   0x000000d0   Code   RO         5313    i.USART1_IRQHandler  bsp_uart.o
    0x08005538   0x08005538   0x000000dc   Code   RO         5314    i.USART2_IRQHandler  bsp_uart.o
    0x08005614   0x08005614   0x000000dc   Code   RO         5315    i.USART3_IRQHandler  bsp_uart.o
    0x080056f0   0x080056f0   0x000000dc   Code   RO         5316    i.USART6_IRQHandler  bsp_uart.o
    0x080057cc   0x080057cc   0x00000038   Code   RO         6959    i.USBH_AllocPipe    usbh_pipes.o
    0x08005804   0x08005804   0x0000000a   Code   RO         6960    i.USBH_ClosePipe    usbh_pipes.o
    0x0800580e   0x0800580e   0x0000001e   Code   RO         6782    i.USBH_ClrFeature   usbh_ctlreq.o
    0x0800582c   0x0800582c   0x0000001e   Code   RO         6889    i.USBH_CtlReceiveData  usbh_ioreq.o
    0x0800584a   0x0800584a   0x00000058   Code   RO         6783    i.USBH_CtlReq       usbh_ctlreq.o
    0x080058a2   0x080058a2   0x00000028   Code   RO         6890    i.USBH_CtlSendData  usbh_ioreq.o
    0x080058ca   0x080058ca   0x0000001e   Code   RO         6891    i.USBH_CtlSendSetup  usbh_ioreq.o
    0x080058e8   0x080058e8   0x00000004   Code   RO         6477    i.USBH_Delay        usbh_conf.o
    0x080058ec   0x080058ec   0x00000044   Code   RO         6636    i.USBH_FindInterface  usbh_core.o
    0x08005930   0x08005930   0x00000018   Code   RO         6961    i.USBH_FreePipe     usbh_pipes.o
    0x08005948   0x08005948   0x00000034   Code   RO         6784    i.USBH_GetDescriptor  usbh_ctlreq.o
    0x0800597c   0x0800597c   0x0000000e   Code   RO         6785    i.USBH_GetNextDesc  usbh_ctlreq.o
    0x0800598a   0x0800598a   0x00000002   PAD
    0x0800598c   0x0800598c   0x00000058   Code   RO         6786    i.USBH_Get_CfgDesc  usbh_ctlreq.o
    0x080059e4   0x080059e4   0x00000058   Code   RO         6787    i.USBH_Get_DevDesc  usbh_ctlreq.o
    0x08005a3c   0x08005a3c   0x00000078   Code   RO         6788    i.USBH_Get_StringDesc  usbh_ctlreq.o
    0x08005ab4   0x08005ab4   0x00000018   Code   RO         6478    i.USBH_Get_USB_Status  usbh_conf.o
    0x08005acc   0x08005acc   0x00000164   Code   RO         5674    i.USBH_HID_ClassRequest  bsp_ps2.o
    0x08005c30   0x08005c30   0x000002c0   Code   RO            8    i.USBH_HID_EventCallback  main.o
    0x08005ef0   0x08005ef0   0x0000000e   Code   RO         7003    i.USBH_HID_FifoInit  usbh_hid.o
    0x08005efe   0x08005efe   0x00000044   Code   RO         7004    i.USBH_HID_FifoRead  usbh_hid.o
    0x08005f42   0x08005f42   0x00000050   Code   RO         7005    i.USBH_HID_FifoWrite  usbh_hid.o
    0x08005f92   0x08005f92   0x00000002   PAD
    0x08005f94   0x08005f94   0x00000040   Code   RO         7008    i.USBH_HID_GetHIDReportDescriptor  usbh_hid.o
    0x08005fd4   0x08005fd4   0x00000022   Code   RO         7010    i.USBH_HID_GetReport  usbh_hid.o
    0x08005ff6   0x08005ff6   0x00000002   PAD
    0x08005ff8   0x08005ff8   0x00000060   Code   RO         5675    i.USBH_HID_InterfaceDeInit  bsp_ps2.o
    0x08006058   0x08006058   0x000002e8   Code   RO         5676    i.USBH_HID_InterfaceInit  bsp_ps2.o
    0x08006340   0x08006340   0x00000030   Code   RO         5677    i.USBH_HID_PS2Init  bsp_ps2.o
    0x08006370   0x08006370   0x00000068   Code   RO         5678    i.USBH_HID_PS2_Decode  bsp_ps2.o
    0x080063d8   0x080063d8   0x00000140   Code   RO         5679    i.USBH_HID_Process  bsp_ps2.o
    0x08006518   0x08006518   0x00000034   Code   RO         5680    i.USBH_HID_SOFProcess  bsp_ps2.o
    0x0800654c   0x0800654c   0x0000001a   Code   RO         7015    i.USBH_HID_SetIdle  usbh_hid.o
    0x08006566   0x08006566   0x00000020   Code   RO         7016    i.USBH_HID_SetProtocol  usbh_hid.o
    0x08006586   0x08006586   0x00000002   PAD
    0x08006588   0x08006588   0x000001ec   Code   RO         6789    i.USBH_HandleControl  usbh_ctlreq.o
    0x08006774   0x08006774   0x000003f4   Code   RO         6639    i.USBH_HandleEnum   usbh_core.o
    0x08006b68   0x08006b68   0x000000a8   Code   RO         6640    i.USBH_Init         usbh_core.o
    0x08006c10   0x08006c10   0x00000020   Code   RO         6892    i.USBH_InterruptReceiveData  usbh_ioreq.o
    0x08006c30   0x08006c30   0x00000012   Code   RO         6479    i.USBH_LL_ClosePipe  usbh_conf.o
    0x08006c42   0x08006c42   0x00000022   Code   RO         6642    i.USBH_LL_Connect   usbh_core.o
    0x08006c64   0x08006c64   0x0000003e   Code   RO         6643    i.USBH_LL_Disconnect  usbh_core.o
    0x08006ca2   0x08006ca2   0x0000000c   Code   RO         6481    i.USBH_LL_DriverVBUS  usbh_conf.o
    0x08006cae   0x08006cae   0x00000008   Code   RO         6482    i.USBH_LL_GetLastXferSize  usbh_conf.o
    0x08006cb6   0x08006cb6   0x00000022   Code   RO         6483    i.USBH_LL_GetSpeed  usbh_conf.o
    0x08006cd8   0x08006cd8   0x00000008   Code   RO         6485    i.USBH_LL_GetURBState  usbh_conf.o
    0x08006ce0   0x08006ce0   0x0000001e   Code   RO         6644    i.USBH_LL_IncTimer  usbh_core.o
    0x08006cfe   0x08006cfe   0x00000002   PAD
    0x08006d00   0x08006d00   0x00000050   Code   RO         6486    i.USBH_LL_Init      usbh_conf.o
    0x08006d50   0x08006d50   0x00000016   Code   RO         6645    i.USBH_LL_NotifyURBChange  usbh_core.o
    0x08006d66   0x08006d66   0x0000001c   Code   RO         6487    i.USBH_LL_OpenPipe  usbh_conf.o
    0x08006d82   0x08006d82   0x00000008   Code   RO         6646    i.USBH_LL_PortDisabled  usbh_core.o
    0x08006d8a   0x08006d8a   0x00000014   Code   RO         6647    i.USBH_LL_PortEnabled  usbh_core.o
    0x08006d9e   0x08006d9e   0x00000012   Code   RO         6488    i.USBH_LL_ResetPort  usbh_conf.o
    0x08006db0   0x08006db0   0x00000006   Code   RO         6648    i.USBH_LL_SetTimer  usbh_core.o
    0x08006db6   0x08006db6   0x0000001e   Code   RO         6489    i.USBH_LL_SetToggle  usbh_conf.o
    0x08006dd4   0x08006dd4   0x00000012   Code   RO         6490    i.USBH_LL_Start     usbh_conf.o
    0x08006de6   0x08006de6   0x00000012   Code   RO         6491    i.USBH_LL_Stop      usbh_conf.o
    0x08006df8   0x08006df8   0x00000022   Code   RO         6492    i.USBH_LL_SubmitURB  usbh_conf.o
    0x08006e1a   0x08006e1a   0x00000014   Code   RO         6962    i.USBH_OpenPipe     usbh_pipes.o
    0x08006e2e   0x08006e2e   0x0000014a   Code   RO         6790    i.USBH_ParseCfgDesc  usbh_ctlreq.o
    0x08006f78   0x08006f78   0x0000007a   Code   RO         6791    i.USBH_ParseDevDesc  usbh_ctlreq.o
    0x08006ff2   0x08006ff2   0x000000b0   Code   RO         6792    i.USBH_ParseEPDesc  usbh_ctlreq.o
    0x080070a2   0x080070a2   0x00000002   PAD
    0x080070a4   0x080070a4   0x0000050c   Code   RO         6649    i.USBH_Process      usbh_core.o
    0x080075b0   0x080075b0   0x00000022   Code   RO         6650    i.USBH_Process_OS   usbh_core.o
    0x080075d2   0x080075d2   0x00000002   PAD
    0x080075d4   0x080075d4   0x00000080   Code   RO         6652    i.USBH_RegisterClass  usbh_core.o
    0x08007654   0x08007654   0x000000f4   Code   RO         6653    i.USBH_SelectInterface  usbh_core.o
    0x08007748   0x08007748   0x0000001c   Code   RO         6793    i.USBH_SetAddress   usbh_ctlreq.o
    0x08007764   0x08007764   0x0000001c   Code   RO         6794    i.USBH_SetCfg       usbh_ctlreq.o
    0x08007780   0x08007780   0x0000001c   Code   RO         6795    i.USBH_SetFeature   usbh_ctlreq.o
    0x0800779c   0x0800779c   0x00000014   Code   RO         6654    i.USBH_Start        usbh_core.o
    0x080077b0   0x080077b0   0x00000020   Code   RO         6422    i.USBH_UserProcess  usb_host.o
    0x080077d0   0x080077d0   0x00000084   Code   RO         1874    i.USB_CoreInit      stm32f4xx_ll_usb.o
    0x08007854   0x08007854   0x0000003c   Code   RO         1875    i.USB_CoreReset     stm32f4xx_ll_usb.o
    0x08007890   0x08007890   0x0000000c   Code   RO         1882    i.USB_DisableGlobalInt  stm32f4xx_ll_usb.o
    0x0800789c   0x0800789c   0x00000024   Code   RO         1883    i.USB_DoPing        stm32f4xx_ll_usb.o
    0x080078c0   0x080078c0   0x0000002c   Code   RO         1884    i.USB_DriveVbus     stm32f4xx_ll_usb.o
    0x080078ec   0x080078ec   0x0000000c   Code   RO         1890    i.USB_EnableGlobalInt  stm32f4xx_ll_usb.o
    0x080078f8   0x080078f8   0x00000038   Code   RO         1891    i.USB_FlushRxFifo   stm32f4xx_ll_usb.o
    0x08007930   0x08007930   0x0000003c   Code   RO         1892    i.USB_FlushTxFifo   stm32f4xx_ll_usb.o
    0x0800796c   0x0800796c   0x00000008   Code   RO         1893    i.USB_GetCurrentFrame  stm32f4xx_ll_usb.o
    0x08007974   0x08007974   0x0000000e   Code   RO         1895    i.USB_GetHostSpeed  stm32f4xx_ll_usb.o
    0x08007982   0x08007982   0x00000008   Code   RO         1896    i.USB_GetMode       stm32f4xx_ll_usb.o
    0x0800798a   0x0800798a   0x000000d4   Code   RO         1897    i.USB_HC_Halt       stm32f4xx_ll_usb.o
    0x08007a5e   0x08007a5e   0x00000002   PAD
    0x08007a60   0x08007a60   0x00000118   Code   RO         1898    i.USB_HC_Init       stm32f4xx_ll_usb.o
    0x08007b78   0x08007b78   0x00000008   Code   RO         1899    i.USB_HC_ReadInterrupt  stm32f4xx_ll_usb.o
    0x08007b80   0x08007b80   0x00000260   Code   RO         1900    i.USB_HC_StartXfer  stm32f4xx_ll_usb.o
    0x08007de0   0x08007de0   0x000000d0   Code   RO         1901    i.USB_HostInit      stm32f4xx_ll_usb.o
    0x08007eb0   0x08007eb0   0x00000038   Code   RO         1902    i.USB_InitFSLSPClkSel  stm32f4xx_ll_usb.o
    0x08007ee8   0x08007ee8   0x00000010   Code   RO         1903    i.USB_ReadChInterrupts  stm32f4xx_ll_usb.o
    0x08007ef8   0x08007ef8   0x00000008   Code   RO         1908    i.USB_ReadInterrupts  stm32f4xx_ll_usb.o
    0x08007f00   0x08007f00   0x0000003e   Code   RO         1909    i.USB_ReadPacket    stm32f4xx_ll_usb.o
    0x08007f3e   0x08007f3e   0x00000032   Code   RO         1910    i.USB_ResetPort     stm32f4xx_ll_usb.o
    0x08007f70   0x08007f70   0x0000005c   Code   RO         1911    i.USB_SetCurrentMode  stm32f4xx_ll_usb.o
    0x08007fcc   0x08007fcc   0x0000008a   Code   RO         1916    i.USB_StopHost      stm32f4xx_ll_usb.o
    0x08008056   0x08008056   0x00000002   PAD
    0x08008058   0x08008058   0x00000028   Code   RO         1917    i.USB_WritePacket   stm32f4xx_ll_usb.o
    0x08008080   0x08008080   0x00000002   Code   RO          551    i.UsageFault_Handler  stm32f4xx_it.o
    0x08008082   0x08008082   0x00000002   PAD
    0x08008084   0x08008084   0x000000c4   Code   RO         6007    i.W25Q128_Init      bsp_w25q128.o
    0x08008148   0x08008148   0x0000005c   Code   RO         6008    i.W25Q128_ReadData  bsp_w25q128.o
    0x080081a4   0x080081a4   0x000000a4   Code   RO         6009    i.W25Q128_ReadFontData  bsp_w25q128.o
    0x08008248   0x08008248   0x00000110   Code   RO         6010    i.W25Q128_WriteData  bsp_w25q128.o
    0x08008358   0x08008358   0x00000028   Code   RO         6011    i.WaitReady         bsp_w25q128.o
    0x08008380   0x08008380   0x00000178   Code   RO         5681    i.Wired_PS2_V1_Decode  bsp_ps2.o
    0x080084f8   0x080084f8   0x00000178   Code   RO         5682    i.Wired_PS2_V2_Decode  bsp_ps2.o
    0x08008670   0x08008670   0x00000150   Code   RO         5683    i.Wiredless_Android_PS2_Decode  bsp_ps2.o
    0x080087c0   0x080087c0   0x00000174   Code   RO         5684    i.Wiredless_PC_PS2_Decode  bsp_ps2.o
    0x08008934   0x08008934   0x00000010   Code   RO         6085    i.XPT2046_Cmd       bsp_xpt2046.o
    0x08008944   0x08008944   0x0000000c   Code   RO         6086    i.XPT2046_GetX      bsp_xpt2046.o
    0x08008950   0x08008950   0x0000000c   Code   RO         6087    i.XPT2046_GetY      bsp_xpt2046.o
    0x0800895c   0x0800895c   0x0000014c   Code   RO         6088    i.XPT2046_Init      bsp_xpt2046.o
    0x08008aa8   0x08008aa8   0x00000078   Code   RO         6089    i.XPT2046_IsPressed  bsp_xpt2046.o
    0x08008b20   0x08008b20   0x00000474   Code   RO         6090    i.XPT2046_ReCalibration  bsp_xpt2046.o
    0x08008f94   0x08008f94   0x00000020   Code   RO         7491    i.__0printf         mc_w.l(printfa.o)
    0x08008fb4   0x08008fb4   0x00000028   Code   RO         7493    i.__0sprintf        mc_w.l(printfa.o)
    0x08008fdc   0x08008fdc   0x00000020   Code   RO         2934    i.__NVIC_SetPriority  stm32f4xx_hal_cortex.o
    0x08008ffc   0x08008ffc   0x0000000e   Code   RO         7596    i.__scatterload_copy  mc_w.l(handlers.o)
    0x0800900a   0x0800900a   0x00000002   Code   RO         7597    i.__scatterload_null  mc_w.l(handlers.o)
    0x0800900c   0x0800900c   0x0000000e   Code   RO         7598    i.__scatterload_zeroinit  mc_w.l(handlers.o)
    0x0800901a   0x0800901a   0x00000002   PAD
    0x0800901c   0x0800901c   0x00000184   Code   RO         7498    i._fp_digits        mc_w.l(printfa.o)
    0x080091a0   0x080091a0   0x000006b4   Code   RO         7499    i._printf_core      mc_w.l(printfa.o)
    0x08009854   0x08009854   0x00000024   Code   RO         7500    i._printf_post_padding  mc_w.l(printfa.o)
    0x08009878   0x08009878   0x0000002e   Code   RO         7501    i._printf_pre_padding  mc_w.l(printfa.o)
    0x080098a6   0x080098a6   0x0000000a   Code   RO         7503    i._sputc            mc_w.l(printfa.o)
    0x080098b0   0x080098b0   0x00000094   Code   RO         6093    i.adcXYToLcdXY      bsp_xpt2046.o
    0x08009944   0x08009944   0x0000001c   Code   RO         5605    i.bsp_can_init      bsp_can.o
    0x08009960   0x08009960   0x00000274   Code   RO         6191    i.can1_rx_callback  dm_motor_ctrl.o
    0x08009bd4   0x08009bd4   0x00000038   Code   RO         5608    i.canx_receive      bsp_can.o
    0x08009c0c   0x08009c0c   0x000000a4   Code   RO         5609    i.canx_send_data    bsp_can.o
    0x08009cb0   0x08009cb0   0x000000a0   Code   RO         6012    i.checkFlagGBKStorage  bsp_w25q128.o
    0x08009d50   0x08009d50   0x00000014   Code   RO         6094    i.delayUS           bsp_xpt2046.o
    0x08009d64   0x08009d64   0x0000001c   Code   RO         5826    i.delay_ms          bsp_lcd_ili9341.o
    0x08009d80   0x08009d80   0x00000018   Code   RO         5827    i.delay_us          bsp_lcd_ili9341.o
    0x08009d98   0x08009d98   0x00000034   Code   RO         6248    i.disable_motor_mode  dm_motor_drv.o
    0x08009dcc   0x08009dcc   0x00000024   Code   RO         6250    i.dm_motor_clear_para  dm_motor_drv.o
    0x08009df0   0x08009df0   0x0000005a   Code   RO         6251    i.dm_motor_ctrl_send  dm_motor_drv.o
    0x08009e4a   0x08009e4a   0x00000044   Code   RO         6252    i.dm_motor_disable  dm_motor_drv.o
    0x08009e8e   0x08009e8e   0x00000002   PAD
    0x08009e90   0x08009e90   0x00000038   Code   RO         6253    i.dm_motor_enable   dm_motor_drv.o
    0x08009ec8   0x08009ec8   0x0000008e   Code   RO         6254    i.dm_motor_fbdata   dm_motor_drv.o
    0x08009f56   0x08009f56   0x00000002   PAD
    0x08009f58   0x08009f58   0x0000014c   Code   RO         6192    i.dm_motor_init     dm_motor_ctrl.o
    0x0800a0a4   0x0800a0a4   0x000000e4   Code   RO         5828    i.drawAscii         bsp_lcd_ili9341.o
    0x0800a188   0x0800a188   0x00000098   Code   RO         5829    i.drawGBK           bsp_lcd_ili9341.o
    0x0800a220   0x0800a220   0x00000034   Code   RO         6255    i.enable_motor_mode  dm_motor_drv.o
    0x0800a254   0x0800a254   0x00000028   Code   RO         6256    i.float_to_uint     dm_motor_drv.o
    0x0800a27c   0x0800a27c   0x0000000e   Code   RO         5319    i.fputc             bsp_uart.o
    0x0800a28a   0x0800a28a   0x00000002   PAD
    0x0800a28c   0x0800a28c   0x00000050   Code   RO         7519    i.free              mc_w.l(malloc.o)
    0x0800a2dc   0x0800a2dc   0x0000000c   Code   RO         4746    i.inHandlerMode     cmsis_os.o
    0x0800a2e8   0x0800a2e8   0x00000188   Code   RO            9    i.main              main.o
    0x0800a470   0x0800a470   0x0000000c   Code   RO         4748    i.makeFreeRtosPriority  cmsis_os.o
    0x0800a47c   0x0800a47c   0x0000006c   Code   RO         7520    i.malloc            mc_w.l(malloc.o)
    0x0800a4e8   0x0800a4e8   0x000000c0   Code   RO         6257    i.mit_ctrl          dm_motor_drv.o
    0x0800a5a8   0x0800a5a8   0x0000000a   Code   RO         4753    i.osKernelStart     cmsis_os.o
    0x0800a5b2   0x0800a5b2   0x00000026   Code   RO         4762    i.osMessageCreate   cmsis_os.o
    0x0800a5d8   0x0800a5d8   0x00000094   Code   RO         4764    i.osMessageGet      cmsis_os.o
    0x0800a66c   0x0800a66c   0x0000005c   Code   RO         4766    i.osMessagePut      cmsis_os.o
    0x0800a6c8   0x0800a6c8   0x00000054   Code   RO         4787    i.osThreadCreate    cmsis_os.o
    0x0800a71c   0x0800a71c   0x00000046   Code   RO         6258    i.pos_ctrl          dm_motor_drv.o
    0x0800a762   0x0800a762   0x00000002   PAD
    0x0800a764   0x0800a764   0x00000070   Code   RO         4424    i.prvAddCurrentTaskToDelayedList  tasks.o
    0x0800a7d4   0x0800a7d4   0x000000d0   Code   RO         4425    i.prvAddNewTaskToReadyList  tasks.o
    0x0800a8a4   0x0800a8a4   0x00000026   Code   RO         4100    i.prvCopyDataFromQueue  queue.o
    0x0800a8ca   0x0800a8ca   0x0000006c   Code   RO         4101    i.prvCopyDataToQueue  queue.o
    0x0800a936   0x0800a936   0x00000034   Code   RO         4426    i.prvDeleteTCB      tasks.o
    0x0800a96a   0x0800a96a   0x00000002   PAD
    0x0800a96c   0x0800a96c   0x0000004c   Code   RO         5115    i.prvHeapInit       heap_4.o
    0x0800a9b8   0x0800a9b8   0x00000060   Code   RO         4427    i.prvIdleTask       tasks.o
    0x0800aa18   0x0800aa18   0x00000016   Code   RO         4103    i.prvInitialiseNewQueue  queue.o
    0x0800aa2e   0x0800aa2e   0x00000098   Code   RO         4428    i.prvInitialiseNewTask  tasks.o
    0x0800aac6   0x0800aac6   0x00000002   PAD
    0x0800aac8   0x0800aac8   0x0000004c   Code   RO         5116    i.prvInsertBlockIntoFreeList  heap_4.o
    0x0800ab14   0x0800ab14   0x0000001c   Code   RO         4104    i.prvIsQueueEmpty   queue.o
    0x0800ab30   0x0800ab30   0x00000020   Code   RO         4429    i.prvResetNextTaskUnblockTime  tasks.o
    0x0800ab50   0x0800ab50   0x00000028   Code   RO         5184    i.prvTaskExitError  port.o
    0x0800ab78   0x0800ab78   0x0000006a   Code   RO         4105    i.prvUnlockQueue    queue.o
    0x0800abe2   0x0800abe2   0x00000002   PAD
    0x0800abe4   0x0800abe4   0x000000a0   Code   RO         5685    i.ps2_checkkey      bsp_ps2.o
    0x0800ac84   0x0800ac84   0x00000010   Code   RO         5686    i.ps2_checkkeystate  bsp_ps2.o
    0x0800ac94   0x0800ac94   0x00000014   Code   RO         5687    i.ps2_set_bit       bsp_ps2.o
    0x0800aca8   0x0800aca8   0x00000068   Code   RO         6259    i.psi_ctrl          dm_motor_drv.o
    0x0800ad10   0x0800ad10   0x000000dc   Code   RO         5117    i.pvPortMalloc      heap_4.o
    0x0800adec   0x0800adec   0x0000002c   Code   RO         5185    i.pxPortInitialiseStack  port.o
    0x0800ae18   0x0800ae18   0x0000010c   Code   RO         6095    i.readAdcXY         bsp_xpt2046.o
    0x0800af24   0x0800af24   0x00000160   Code   RO         6013    i.readID            bsp_w25q128.o
    0x0800b084   0x0800b084   0x00000018   Code   RO         5830    i.readReg           bsp_lcd_ili9341.o
    0x0800b09c   0x0800b09c   0x0000005c   Code   RO         6096    i.receiveData       bsp_xpt2046.o
    0x0800b0f8   0x0800b0f8   0x000001dc   Code   RO         6194    i.receive_motor_data  dm_motor_ctrl.o
    0x0800b2d4   0x0800b2d4   0x0000002c   Code   RO         6262    i.save_motor_data   dm_motor_drv.o
    0x0800b300   0x0800b300   0x00000034   Code   RO         6263    i.save_pos_zero     dm_motor_drv.o
    0x0800b334   0x0800b334   0x0000003c   Code   RO         6014    i.sendByte          bsp_w25q128.o
    0x0800b370   0x0800b370   0x00000050   Code   RO         6097    i.sendCMD           bsp_xpt2046.o
    0x0800b3c0   0x0800b3c0   0x00000024   Code   RO         5831    i.setCursor         bsp_lcd_ili9341.o
    0x0800b3e4   0x0800b3e4   0x0000002c   Code   RO         6264    i.spd_ctrl          dm_motor_drv.o
    0x0800b410   0x0800b410   0x00000028   Code   RO         6265    i.uint_to_float     dm_motor_drv.o
    0x0800b438   0x0800b438   0x00000026   Code   RO         4060    i.uxListRemove      list.o
    0x0800b45e   0x0800b45e   0x00000002   PAD
    0x0800b460   0x0800b460   0x00000014   Code   RO          343    i.vApplicationGetIdleTaskMemory  freertos.o
    0x0800b474   0x0800b474   0x00000016   Code   RO         4061    i.vListInitialise   list.o
    0x0800b48a   0x0800b48a   0x00000006   Code   RO         4062    i.vListInitialiseItem  list.o
    0x0800b490   0x0800b490   0x00000030   Code   RO         4063    i.vListInsert       list.o
    0x0800b4c0   0x0800b4c0   0x00000018   Code   RO         4064    i.vListInsertEnd    list.o
    0x0800b4d8   0x0800b4d8   0x00000040   Code   RO         5187    i.vPortEnterCritical  port.o
    0x0800b518   0x0800b518   0x00000028   Code   RO         5188    i.vPortExitCritical  port.o
    0x0800b540   0x0800b540   0x00000064   Code   RO         5118    i.vPortFree         heap_4.o
    0x0800b5a4   0x0800b5a4   0x00000024   Code   RO         5189    i.vPortSetupTimerInterrupt  port.o
    0x0800b5c8   0x0800b5c8   0x00000054   Code   RO         5190    i.vPortValidateInterruptPriority  port.o
    0x0800b61c   0x0800b61c   0x0000004c   Code   RO         4438    i.vTaskDelay        tasks.o
    0x0800b668   0x0800b668   0x0000008c   Code   RO         4439    i.vTaskDelayUntil   tasks.o
    0x0800b6f4   0x0800b6f4   0x000000ac   Code   RO         4440    i.vTaskDelete       tasks.o
    0x0800b7a0   0x0800b7a0   0x00000010   Code   RO         4442    i.vTaskInternalSetTimeOutState  tasks.o
    0x0800b7b0   0x0800b7b0   0x0000000c   Code   RO         4443    i.vTaskMissedYield  tasks.o
    0x0800b7bc   0x0800b7bc   0x00000030   Code   RO         4445    i.vTaskPlaceOnEventList  tasks.o
    0x0800b7ec   0x0800b7ec   0x0000006c   Code   RO         4452    i.vTaskStartScheduler  tasks.o
    0x0800b858   0x0800b858   0x00000010   Code   RO         4454    i.vTaskSuspendAll   tasks.o
    0x0800b868   0x0800b868   0x0000005c   Code   RO         4455    i.vTaskSwitchContext  tasks.o
    0x0800b8c4   0x0800b8c4   0x00000068   Code   RO         6098    i.writeCorrectingData  bsp_xpt2046.o
    0x0800b92c   0x0800b92c   0x0000001c   Code   RO         6015    i.writeEnable       bsp_w25q128.o
    0x0800b948   0x0800b948   0x00000080   Code   RO         6016    i.writeSector       bsp_w25q128.o
    0x0800b9c8   0x0800b9c8   0x00000058   Code   RO         6266    i.write_motor_data  dm_motor_drv.o
    0x0800ba20   0x0800ba20   0x000000f4   Code   RO         5191    i.xPortStartScheduler  port.o
    0x0800bb14   0x0800bb14   0x00000042   Code   RO         4114    i.xQueueGenericCreate  queue.o
    0x0800bb56   0x0800bb56   0x00000066   Code   RO         4115    i.xQueueGenericCreateStatic  queue.o
    0x0800bbbc   0x0800bbbc   0x00000088   Code   RO         4116    i.xQueueGenericReset  queue.o
    0x0800bc44   0x0800bc44   0x00000160   Code   RO         4117    i.xQueueGenericSend  queue.o
    0x0800bda4   0x0800bda4   0x000000be   Code   RO         4118    i.xQueueGenericSendFromISR  queue.o
    0x0800be62   0x0800be62   0x00000002   PAD
    0x0800be64   0x0800be64   0x00000138   Code   RO         4124    i.xQueueReceive     queue.o
    0x0800bf9c   0x0800bf9c   0x0000009a   Code   RO         4125    i.xQueueReceiveFromISR  queue.o
    0x0800c036   0x0800c036   0x00000002   PAD
    0x0800c038   0x0800c038   0x00000074   Code   RO         4457    i.xTaskCheckForTimeOut  tasks.o
    0x0800c0ac   0x0800c0ac   0x0000005a   Code   RO         4458    i.xTaskCreate       tasks.o
    0x0800c106   0x0800c106   0x00000056   Code   RO         4459    i.xTaskCreateStatic  tasks.o
    0x0800c15c   0x0800c15c   0x0000001c   Code   RO         4463    i.xTaskGetSchedulerState  tasks.o
    0x0800c178   0x0800c178   0x0000000c   Code   RO         4464    i.xTaskGetTickCount  tasks.o
    0x0800c184   0x0800c184   0x000000cc   Code   RO         4466    i.xTaskIncrementTick  tasks.o
    0x0800c250   0x0800c250   0x00000098   Code   RO         4469    i.xTaskPriorityDisinherit  tasks.o
    0x0800c2e8   0x0800c2e8   0x00000074   Code   RO         4471    i.xTaskRemoveFromEventList  tasks.o
    0x0800c35c   0x0800c35c   0x000000c4   Code   RO         4472    i.xTaskResumeAll    tasks.o
    0x0800c420   0x0800c420   0x00000010   Data   RO         3923    .constdata          system_stm32f4xx.o
    0x0800c430   0x0800c430   0x00000008   Data   RO         3924    .constdata          system_stm32f4xx.o
    0x0800c438   0x0800c438   0x00002f80   Data   RO         5833    .constdata          bsp_lcd_ili9341.o
    0x0800f3b8   0x0800f3b8   0x00004740   Data   RO         5834    .constdata          bsp_lcd_ili9341.o
    0x08013af8   0x08013af8   0x0000002c   Data   RO         6656    .constdata          usbh_core.o
    0x08013b24   0x08013b24   0x00000042   Data   RO         5322    .conststring        bsp_uart.o
    0x08013b66   0x08013b66   0x00000002   PAD
    0x08013b68   0x08013b68   0x00000004   Data   RO         5689    .conststring        bsp_ps2.o
    0x08013b6c   0x08013b6c   0x0000004e   Data   RO         6657    .conststring        usbh_core.o
    0x08013bba   0x08013bba   0x00000002   PAD
    0x08013bbc   0x08013bbc   0x000000d3   Data   RO         6797    .conststring        usbh_ctlreq.o
    0x08013c8f   0x08013c8f   0x00000001   PAD
    0x08013c90   0x08013c90   0x00000048   Data   RO         7019    .conststring        usbh_hid.o
    0x08013cd8   0x08013cd8   0x00000020   Data   RO         7594    Region$$Table       anon$$obj.o


    Execution Region RW_IRAM1 (Exec base: 0x20000000, Load base: 0x08013cf8, Size: 0x00009950, Max: 0x0001c000, ABSOLUTE, COMPRESSED[0x00000044])

    Exec Addr    Load Addr    Size         Type   Attr      Idx    E Section Name        Object

    0x20000000   COMPRESSED   0x00000001   Data   RW           10    .data               main.o
    0x20000001   COMPRESSED   0x00000003   PAD
    0x20000004   COMPRESSED   0x00000018   Data   RW           11    .data               main.o
    0x2000001c   COMPRESSED   0x00000001   Data   RW           12    .data               main.o
    0x2000001d   COMPRESSED   0x00000003   PAD
    0x20000020   COMPRESSED   0x00000008   Data   RW           13    .data               main.o
    0x20000028   COMPRESSED   0x00000008   Data   RW           14    .data               main.o
    0x20000030   COMPRESSED   0x00000008   Data   RW           15    .data               main.o
    0x20000038   COMPRESSED   0x00000008   Data   RW           16    .data               main.o
    0x20000040   COMPRESSED   0x00000001   Data   RW           17    .data               main.o
    0x20000041   COMPRESSED   0x00000001   PAD
    0x20000042   COMPRESSED   0x00000002   Data   RW           18    .data               main.o
    0x20000044   COMPRESSED   0x00000014   Data   RW          345    .data               freertos.o
    0x20000058   COMPRESSED   0x0000000c   Data   RW         3093    .data               stm32f4xx_hal.o
    0x20000064   COMPRESSED   0x00000004   Data   RW         3925    .data               system_stm32f4xx.o
    0x20000068   COMPRESSED   0x0000003c   Data   RW         4475    .data               tasks.o
    0x200000a4   COMPRESSED   0x00000020   Data   RW         5124    .data               heap_4.o
    0x200000c4   COMPRESSED   0x0000000c   Data   RW         5192    .data               port.o
    0x200000d0   COMPRESSED   0x00000010   Data   RW         5323    .data               bsp_uart.o
    0x200000e0   COMPRESSED   0x00000004   Data   RW         5324    .data               bsp_uart.o
    0x200000e4   COMPRESSED   0x0000000c   Data   RW         5611    .data               bsp_can.o
    0x200000f0   COMPRESSED   0x0000001c   Data   RW         5691    .data               bsp_ps2.o
    0x2000010c   COMPRESSED   0x00000020   Data   RW         5692    .data               bsp_ps2.o
    0x2000012c   COMPRESSED   0x00000020   Data   RW         5693    .data               bsp_ps2.o
    0x2000014c   COMPRESSED   0x00000014   Data   RW         5835    .data               bsp_lcd_ili9341.o
    0x20000160   COMPRESSED   0x0000000a   Data   RW         6100    .data               bsp_xpt2046.o
    0x2000016a   COMPRESSED   0x00000001   Data   RW         6424    .data               usb_host.o
    0x2000016b   COMPRESSED   0x00000001   PAD
    0x2000016c   COMPRESSED   0x00000004   Data   RW         7583    .data               mc_w.l(mvars.o)
    0x20000170   COMPRESSED   0x00000004   Data   RW         7584    .data               mc_w.l(mvars.o)
    0x20000174        -       0x00000268   Zero   RW          344    .bss                freertos.o
    0x200003dc        -       0x00000028   Zero   RW          404    .bss                can.o
    0x20000404        -       0x00000090   Zero   RW          448    .bss                tim.o
    0x20000494        -       0x00000048   Zero   RW          500    .bss                usart.o
    0x200004dc        -       0x00000048   Zero   RW          666    .bss                stm32f4xx_hal_timebase_tim.o
    0x20000524        -       0x000000f0   Zero   RW         4474    .bss                tasks.o
    0x20000614        -       0x00003c00   Zero   RW         5123    .bss                heap_4.o
    0x20004214        -       0x00002a60   Zero   RW         5321    .bss                bsp_uart.o
    0x20006c74        -       0x00000044   Zero   RW         5610    .bss                bsp_can.o
    0x20006cb8        -       0x00000140   Zero   RW         5688    .bss                bsp_ps2.o
    0x20006df8        -       0x00000080   Zero   RW         5832    .bss                bsp_lcd_ili9341.o
    0x20006e78        -       0x00001018   Zero   RW         6017    .bss                bsp_w25q128.o
    0x20007e90        -       0x0000004c   Zero   RW         6099    .bss                bsp_xpt2046.o
    0x20007edc        -       0x00000aa0   Zero   RW         6195    .bss                dm_motor_ctrl.o
    0x2000897c        -       0x000005f0   Zero   RW         6423    .bss                usb_host.o
    0x20008f6c        -       0x000003e0   Zero   RW         6493    .bss                usbh_conf.o
    0x2000934c   COMPRESSED   0x00000004   PAD
    0x20009350        -       0x00000200   Zero   RW         5260    HEAP                startup_stm32f407xx.o
    0x20009550        -       0x00000400   Zero   RW         5259    STACK               startup_stm32f407xx.o


    Execution Region RW_IRAM2 (Exec base: 0x2001c000, Load base: 0x08013d3c, Size: 0x00000000, Max: 0x00004000, ABSOLUTE)

    **** No section assigned to this execution region ****


==============================================================================

Image component sizes


      Code (inc. data)   RO Data    RW Data    ZI Data      Debug   Object Name

       352         92          0         12         68       5045   bsp_can.o
      2796        300      30400         20        128      22458   bsp_lcd_ili9341.o
      3376        518          4         92        320      42278   bsp_ps2.o
      1806        502         66         20      10848      11342   bsp_uart.o
      1492        398          0          0       4120      10443   bsp_w25q128.o
      2344        322          0         10         76      12071   bsp_xpt2046.o
       192         22          0          0         40       2141   can.o
       396         10          0          0          0      32547   cmsis_os.o
      1436        218          0          0       2720       5327   dm_motor_ctrl.o
      1170         46          0          0          0      13670   dm_motor_drv.o
         0          0          0          0          0      20544   event_groups.o
      4328        566          0         20        616       7084   freertos.o
       260         18          0          0          0       1239   gpio.o
       472         24          0         32      15360       8191   heap_4.o
       138          0          0          0          0       4210   list.o
      1380        122          0         61          0     761732   main.o
       786         82          0         12          0      13149   port.o
      1614         14          0          0          0      19577   queue.o
        36          8        392          0       1536        888   startup_stm32f407xx.o
       116         18          0         12          0       9494   stm32f4xx_hal.o
      1702          6          0          0          0      17389   stm32f4xx_hal_can.o
       158         14          0          0          0      33582   stm32f4xx_hal_cortex.o
       546         52          0          0          0       4024   stm32f4xx_hal_gpio.o
      2860          0          0          0          0      17107   stm32f4xx_hal_hcd.o
        56          4          0          0          0       1090   stm32f4xx_hal_msp.o
      1408         82          0          0          0       6673   stm32f4xx_hal_rcc.o
      2106        148          0          0          0      20493   stm32f4xx_hal_tim.o
       148         28          0          0          0       2929   stm32f4xx_hal_tim_ex.o
       140         20          0          0         72       1763   stm32f4xx_hal_timebase_tim.o
       368         10          0          0          0       2376   stm32f4xx_hal_uart.o
        78         24          0          0          0       7509   stm32f4xx_it.o
      2220         46          0          0          0      22576   stm32f4xx_ll_usb.o
         0          0          0          0          0        396   stream_buffer.o
       136         20         24          4          0       2319   system_stm32f4xx.o
      2332        178          0         60        240      30698   tasks.o
       472         38          0          0        144       3789   tim.o
       164         22          0          0         72       2158   usart.o
       116         22          0          1       1520      15806   usb_host.o
       514         16          0          0        992      15817   usbh_conf.o
      3268       1138        122          0          0      15159   usbh_core.o
      1684        114        211          0          0      14630   usbh_ctlreq.o
       318         16         72          0          0      10840   usbh_hid.o
       132          0          0          0          0       4081   usbh_ioreq.o
       110          0          0          0          0       3906   usbh_pipes.o

    ----------------------------------------------------------------------
     45598       5278      31328        364      38876    1260540   Object Totals
         0          0         32          0          0          0   (incl. Generated)
        72          0          5          8          4          0   (incl. Padding)

    ----------------------------------------------------------------------

      Code (inc. data)   RO Data    RW Data    ZI Data      Debug   Library Member Name

        86          0          0          0          0          0   __dczerorl2.o
         0          0          0          0          0          0   entry.o
         0          0          0          0          0          0   entry10a.o
         0          0          0          0          0          0   entry11a.o
         4          0          0          0          0          0   entry12b.o
         8          4          0          0          0          0   entry2.o
         4          0          0          0          0          0   entry5.o
         0          0          0          0          0          0   entry7b.o
         0          0          0          0          0          0   entry8b.o
         8          4          0          0          0          0   entry9a.o
        30          0          0          0          0          0   handlers.o
        36          8          0          0          0         68   init.o
         0          0          0          0          0          0   iusefp.o
        30          0          0          0          0         68   llshl.o
        36          0          0          0          0         68   llsshr.o
        32          0          0          0          0         68   llushr.o
       188         20          0          0          0        160   malloc.o
        36          0          0          0          0         68   memcpya.o
        36          0          0          0          0        108   memseta.o
         0          0          0          8          0          0   mvars.o
      2268         96          0          0          0        616   printfa.o
        44          0          0          0          0         80   uidiv.o
        98          0          0          0          0         92   uldiv.o
        48          0          0          0          0         68   cdrcmple.o
        56          0          0          0          0         88   d2f.o
       334          0          0          0          0        148   dadd.o
       222          0          0          0          0        100   ddiv.o
       186          0          0          0          0        176   depilogue.o
        48          0          0          0          0         68   dfixul.o
       228          0          0          0          0         96   dmul.o
        38          0          0          0          0         68   f2d.o
       110          0          0          0          0        168   fepilogue.o

    ----------------------------------------------------------------------
      4218        132          0          8          0       2376   Library Totals
         4          0          0          0          0          0   (incl. Padding)

    ----------------------------------------------------------------------

      Code (inc. data)   RO Data    RW Data    ZI Data      Debug   Library Name

      2944        132          0          8          0       1396   mc_w.l
      1270          0          0          0          0        980   mf_w.l

    ----------------------------------------------------------------------
      4218        132          0          8          0       2376   Library Totals

    ----------------------------------------------------------------------

==============================================================================


      Code (inc. data)   RO Data    RW Data    ZI Data      Debug   

     49816       5410      31328        372      38876    1226704   Grand Totals
     49816       5410      31328         68      38876    1226704   ELF Image Totals (compressed)
     49816       5410      31328         68          0          0   ROM Totals

==============================================================================

    Total RO  Size (Code + RO Data)                81144 (  79.24kB)
    Total RW  Size (RW Data + ZI Data)             39248 (  38.33kB)
    Total ROM Size (Code + RO Data + RW Data)      81212 (  79.31kB)

==============================================================================

